=====================================================================
== C:\Program Files (x86)\Steam\steamapps\common\Arma 3 Server\arma3server.exe
== "arma3server.exe"  -port=2302 "-config=C:\arma3serverconfig\config.cfg" "-cfg=C:\arma3serverconfig\basic.cfg" "-profiles=C:\arma3serverconfig\Users" -name=arma3serverconfig "-mod=@extDB;@life_server;curator;heli;kart;mark;@CRFT compiled mod pack;@allinarmaterrainpack;@Australia" -world=empty -nosplash -noSound -noPause -enableHT -malloc=system 

Original output filename: Arma3Retail_Server
Exe timestamp: 2015/08/25 16:06:38
Current time:  2015/09/01 06:01:32

Type: Public
Branch: Stable
Version: 1.50.131969

Allocator: Windows
=====================================================================

 6:01:32 Conflicting addon E76_BuildingsShops in 'e76_objects\credits\', previous definition in 'e76_buildings\shops\'
 6:01:32 Conflicting addon A3_Sounds_F in 'mm_buildings\prison\sounds\', previous definition in 'mm_bank\sound\'
 6:01:32 Conflicting addon Mattaust_Objects in 'MM_Shopping\', previous definition in 'MM_objects\'
 6:01:33 Conflicting addon Shemaghs in 'gasmask\', previous definition in 'balaclava\'
 6:01:33 Conflicting addon Shemaghs in 'm50gasmask\', previous definition in 'balaclava\'
 6:01:33 Conflicting addon Shemaghs in 'neckloose\', previous definition in 'balaclava\'
 6:01:33 Conflicting addon Shemaghs in 'necktight\', previous definition in 'balaclava\'
 6:01:33 Conflicting addon Shemaghs in 'pulledup\', previous definition in 'balaclava\'
 6:01:33 Conflicting addon Shemaghs in 'sasshemagh\', previous definition in 'balaclava\'
 6:01:33 Conflicting addon Shemaghs in 'shemaghs\', previous definition in 'balaclava\'
 6:01:33 Conflicting addon TRYK_Uniform in 'zabb\', previous definition in 'tryk_unit\'
 6:01:33 Conflicting addon TRYK_Uniform in 'zabb2\', previous definition in 'tryk_unit\'
 6:01:33 Conflicting addon TRYK_Uniform in 'Zara\', previous definition in 'tryk_unit\'
 6:01:34 Conflicting addon A3_Sounds_F in 'a3\sounds_f\', previous definition in 'mm_bank\sound\'
 6:01:35 Updating base class ->Base, by a3\dubbing_radio_f\config.bin/CfgHQIdentities/PAPA_BEAR/
 6:01:35 Updating base class ->Base, by a3\dubbing_radio_f\config.bin/CfgHQIdentities/AirBase/
 6:01:35 Updating base class ->NonStrategic, by ca\ca_c\config.bin/CfgVehicles/HouseBase/
 6:01:35 Updating base class ->DestructionEffects, by ca\ca_c\config.bin/CfgVehicles/House/DestructionEffects/
 6:01:35 Updating base class None->, by Shemagh\config.cpp/CfgGlasses/TRYK_headset_glasses/
 6:01:35 Updating base class ->USAF_AC130U_base, by USAF_Ac130u\config.bin/CfgVehicles/USAF_AC130U/
 6:01:35 Updating base class TargetTraining->TargetGrenadBase, by ca\misc3_c\config.bin/CfgVehicles/TargetGrenade/
 6:01:35 Updating base class ->House, by ca\structures_e_c\config.bin/CfgVehicles/House_EP1/
 6:01:35 Updating base class ->Ruins, by ca\structures_e_c\config.bin/CfgVehicles/Ruins_EP1/
 6:01:35 Updating base class ->Thing, by a3\data_f\config.bin/CfgVehicles/ThingX/
 6:01:35 Updating base class ->Default, by a3\data_f\particleeffects\config.bin/CfgCloudlets/Missile5/
 6:01:35 Updating base class ->Default, by a3\data_f\particleeffects\config.bin/CfgCloudlets/BodyTrail/
 6:01:35 Updating base class ->Default, by a3\data_f\particleeffects\config.bin/CfgCloudlets/BodyTrailMed/
 6:01:35 Updating base class RscShortcutButton->RscButton, by a3\editor_f\config.bin/RscDisplayEditObject/Controls/B_OK/
 6:01:35 Updating base class RscSliderH->RscXSliderH, by a3\editor_f\config.bin/RscDisplayEditObject/Slider/
 6:01:35 Updating base class RscText->RscPicture, by a3\editor_f\config.bin/RscDisplayEditObject/Preview/
 6:01:35 Updating base class RscShortcutButton->RscButton, by a3\editor_f\config.bin/RscDisplayMissionLoad/Controls/B_OK/
 6:01:35 Updating base class RscShortcutButton->RscButton, by a3\editor_f\config.bin/RscDisplayMissionSave/Controls/B_OK/
 6:01:36 Updating base class ->Static, by a3\structures_f\naval\piers\config.bin/CfgVehicles/Land_PierLadder_F/
 6:01:36 Updating base class ->Default, by a3\anims_f\config\sdr\config.bin/CfgMovesBasic/DefaultDie/
 6:01:36 Updating base class ->Default, by a3\anims_f\config\sdr\config.bin/CfgMovesMaleSdr/States/Crew/
 6:01:36 Updating base class Default->GdtConcrete, by a3\map_data\config.bin/CfgSurfaces/carpet/
 6:01:36 Updating base class Default->GdtStratisDirt, by a3\map_data\config.bin/CfgSurfaces/mud/
 6:01:36 Updating base class ->RscControlsGroup, by a3\ui_f\config.bin/RscControlsGroupNoScrollbars/
 6:01:36 Updating base class ->RscControlsGroup, by a3\ui_f\config.bin/RscControlsGroupNoHScrollbars/
 6:01:36 Updating base class ->RscControlsGroup, by a3\ui_f\config.bin/RscControlsGroupNoVScrollbars/
 6:01:36 Updating base class ->RscText, by a3\ui_f\config.bin/RscLine/
 6:01:36 Updating base class ->RscActiveText, by a3\ui_f\config.bin/RscActivePicture/
 6:01:36 Updating base class ->RscButton, by a3\ui_f\config.bin/RscButtonTextOnly/
 6:01:36 Updating base class ->RscShortcutButton, by a3\ui_f\config.bin/RscShortcutButtonMain/
 6:01:36 Updating base class ->RscShortcutButton, by a3\ui_f\config.bin/RscButtonEditor/
 6:01:36 Updating base class ->RscShortcutButton, by a3\ui_f\config.bin/RscIGUIShortcutButton/
 6:01:36 Updating base class ->RscShortcutButton, by a3\ui_f\config.bin/RscGearShortcutButton/
 6:01:36 Updating base class ->RscShortcutButton, by a3\ui_f\config.bin/RscButtonMenu/
 6:01:36 Updating base class ->RscButtonMenu, by a3\ui_f\config.bin/RscButtonMenuOK/
 6:01:36 Updating base class ->RscButtonMenu, by a3\ui_f\config.bin/RscButtonMenuCancel/
 6:01:36 Updating base class ->RscButtonMenu, by a3\ui_f\config.bin/RscButtonMenuSteam/
 6:01:36 Updating base class ->RscText, by a3\ui_f\config.bin/RscLoadingText/
 6:01:36 Updating base class ->RscListBox, by a3\ui_f\config.bin/RscIGUIListBox/
 6:01:36 Updating base class ->RscListNBox, by a3\ui_f\config.bin/RscIGUIListNBox/
 6:01:36 Updating base class ->RscText, by a3\ui_f\config.bin/RscBackground/
 6:01:36 Updating base class ->RscText, by a3\ui_f\config.bin/RscBackgroundGUI/
 6:01:36 Updating base class ->RscPicture, by a3\ui_f\config.bin/RscBackgroundGUILeft/
 6:01:36 Updating base class ->RscPicture, by a3\ui_f\config.bin/RscBackgroundGUIRight/
 6:01:36 Updating base class ->RscPicture, by a3\ui_f\config.bin/RscBackgroundGUIBottom/
 6:01:36 Updating base class ->RscText, by a3\ui_f\config.bin/RscBackgroundGUITop/
 6:01:36 Updating base class ->RscText, by a3\ui_f\config.bin/RscBackgroundGUIDark/
 6:01:36 Updating base class ->RscPictureKeepAspect, by a3\ui_f\config.bin/RscBackgroundLogo/
 6:01:36 Updating base class ->RscMapControl, by a3\ui_f\config.bin/RscMapControlEmpty/
 6:01:36 Updating base class ->RscPicture, by a3\ui_f\config.bin/CA_Mainback/
 6:01:36 Updating base class ->CA_Mainback, by a3\ui_f\config.bin/CA_Back/
 6:01:36 Updating base class ->CA_Mainback, by a3\ui_f\config.bin/CA_Title_Back/
 6:01:36 Updating base class ->CA_Mainback, by a3\ui_f\config.bin/CA_Black_Back/
 6:01:36 Updating base class ->RscTitle, by a3\ui_f\config.bin/CA_Title/
 6:01:36 Updating base class ->RscPictureKeepAspect, by a3\ui_f\config.bin/CA_Logo/
 6:01:36 Updating base class ->CA_Logo, by a3\ui_f\config.bin/CA_Logo_Small/
 6:01:36 Updating base class ->RscButton, by a3\ui_f\config.bin/CA_RscButton/
 6:01:36 Updating base class ->CA_RscButton, by a3\ui_f\config.bin/CA_RscButton_dialog/
 6:01:36 Updating base class ->RscActiveText, by a3\ui_f\config.bin/CA_Ok/
 6:01:36 Updating base class ->RscText, by a3\ui_f\config.bin/CA_Ok_image/
 6:01:36 Updating base class ->RscText, by a3\ui_f\config.bin/CA_Ok_image2/
 6:01:36 Updating base class ->RscText, by a3\ui_f\config.bin/CA_Ok_text/
 6:01:36 Updating base class ->RscPicture, by a3\ui_f\config.bin/RscVignette/
 6:01:36 Updating base class ->RscControlsGroupNoScrollbars, by a3\ui_f\config.bin/RscMapControlTooltip/
 6:01:36 Updating base class ->RscText, by a3\ui_f\config.bin/RscOpticsText/
 6:01:36 Updating base class ->RscOpticsText, by a3\ui_f\config.bin/RscOpticsValue/
 6:01:36 Updating base class RscUnitInfo->RscUnitInfoAirNoWeapon, by a3\ui_f\config.bin/RscInGameUI/RscUnitInfoAir/
 6:01:36 Updating base class RscShortcutButton->RscButtonMenu, by a3\ui_f\config.bin/RscDisplayDebug/Controls/B_OK/
 6:01:36 Updating base class RscShortcutButton->RscButtonMenu, by a3\ui_f\config.bin/RscDisplayDebug/Controls/B_Cancel/
 6:01:36 Updating base class RscShortcutButton->RscButtonMenu, by a3\ui_f\config.bin/RscDisplayDebug/Controls/B_Clear/
 6:01:36 Updating base class ->RscText, by a3\ui_f\config.bin/RscDisplayCapture/controls/TimeLines/
 6:01:36 Updating base class RscShortcutButton->RscButtonMenu, by a3\ui_f\config.bin/RscDisplayCapture/controls/ButtonAverages/
 6:01:36 Updating base class RscShortcutButton->RscButtonMenu, by a3\ui_f\config.bin/RscDisplayCapture/controls/ButtonSavePreviousData/
 6:01:36 Updating base class RscShortcutButton->RscButtonMenu, by a3\ui_f\config.bin/RscDisplayCapture/controls/ButtonPreviousData/
 6:01:36 Updating base class RscControlsGroup->RscControlsGroupNoHScrollbars, by a3\ui_f\config.bin/RscDisplayMain/controls/ModIcons/
 6:01:36 Updating base class RscPicture->RscPictureKeepAspect, by a3\ui_f\config.bin/RscDisplayMain/IconPicture/
 6:01:36 Updating base class IconPicture->RscPictureKeepAspect, by a3\ui_f\config.bin/RscDisplayMain/DlcOwnedIconPicture/
 6:01:36 Updating base class IconPicture->RscPictureKeepAspect, by a3\ui_f\config.bin/RscDisplayMain/DlcIconPicture/
 6:01:36 Updating base class RscListBox->RscCombo, by a3\ui_f\config.bin/RscDisplayCustomizeController/Steepness/
 6:01:36 Updating base class ->RscStandardDisplay, by a3\ui_f\config.bin/RscDisplayControlSchemes/
 6:01:36 Updating base class ButtonOK->RscButtonMenuCancel, by a3\ui_f\config.bin/RscDisplayControlSchemes/controls/ButtonCancel/
 6:01:36 Updating base class RscButton->RscButtonMenuOK, by a3\ui_f\config.bin/RscDisplayControlSchemes/controls/ButtonOK/
 6:01:36 Updating base class RscPicture->RscPictureKeepAspect, by a3\ui_f\config.bin/RscDisplayFileSelectImage/controls/OverviewPicture/
 6:01:36 Updating base class RscShortcutButton->RscButtonMenuCancel, by a3\ui_f\config.bin/RscDisplayFieldManual/controls/ButtonCancel/
 6:01:36 Cannot delete class B_KickOff, it is referenced somewhere (used as a base class probably).
 6:01:36 Updating base class RscButton->RscButtonMenuCancel, by a3\ui_f\config.bin/RscDisplayPublishMission/controls/ButtonCancel/
 6:01:36 Updating base class RscShortcutButton->RscButtonMenuOK, by a3\ui_f\config.bin/RscDisplayPublishMissionSelectTags/controls/ButtonOK/
 6:01:36 Updating base class ButtonOK->RscButtonMenuCancel, by a3\ui_f\config.bin/RscDisplayPublishMissionSelectTags/controls/ButtonCancel/
 6:01:36 Updating base class ->RscSubmenu, by a3\ui_f\config.bin/RscMainMenu/
 6:01:36 Cannot update non class from class a3\ui_f\config.bin/RscCallSupport/Items/
 6:01:36 Cannot update non class from class a3\ui_f\config.bin/RscRadio/Items/
 6:01:36 Updating base class ->mil_objective, by a3\ui_f\config.bin/CfgMarkers/mil_destroy/
 6:01:36 Updating base class RscStandardDisplay->, by a3\ui_f_mp_mark\config.bin/RscDisplayRespawn/
 6:01:36 Updating base class ->BulletCore, by a3\weapons_f\config.bin/CfgAmmo/BulletBase/
 6:01:36 Updating base class ->MissileCore, by a3\weapons_f\config.bin/CfgAmmo/MissileBase/
 6:01:36 Updating base class ->RocketCore, by a3\weapons_f\config.bin/CfgAmmo/RocketBase/
 6:01:36 Updating base class ->GrenadeCore, by a3\weapons_f\config.bin/CfgAmmo/GrenadeBase/
 6:01:36 Updating base class ->MissileBase, by a3\weapons_f\config.bin/CfgAmmo/M_Scalpel_AT/
 6:01:36 Updating base class ->MissileBase, by a3\weapons_f\config.bin/CfgAmmo/M_Air_AA/
 6:01:36 Updating base class ->CA_Magazine, by a3\weapons_f\config.bin/CfgMagazines/VehicleMagazine/
 6:01:36 Updating base class ->60Rnd_CMFlare_Chaff_Magazine, by a3\weapons_f\config.bin/CfgMagazines/300Rnd_CMFlare_Chaff_Magazine/
 6:01:36 Updating base class ->VehicleMagazine, by a3\weapons_f\config.bin/CfgMagazines/24Rnd_missiles/
 6:01:36 Updating base class ->4Rnd_GAA_missiles, by a3\weapons_f\config.bin/CfgMagazines/4Rnd_Titan_long_missiles/
 6:01:36 Updating base class ->LauncherCore, by a3\weapons_f\config.bin/cfgWeapons/RocketPods/
 6:01:36 Updating base class ->MGunCore, by a3\weapons_f\config.bin/cfgWeapons/MGun/
 6:01:36 Updating base class ->SmokeLauncher, by a3\weapons_f\config.bin/cfgWeapons/CMFlareLauncher/
 6:01:36 Updating base class ->LauncherCore, by a3\weapons_f\config.bin/cfgWeapons/MissileLauncher/
 6:01:36 Updating base class ->RocketPods, by a3\weapons_f\config.bin/cfgWeapons/missiles_DAR/
 6:01:36 Updating base class ->CannonCore, by a3\weapons_f\config.bin/cfgWeapons/gatling_20mm/
 6:01:36 Updating base class ->MissileLauncher, by a3\weapons_f\config.bin/cfgWeapons/missiles_titan/
 6:01:36 Updating base class ->CannonCore, by a3\weapons_f\config.bin/cfgWeapons/cannon_120mm/
 6:01:36 Updating base class ->Default, by a3\weapons_f\config.bin/cfgWeapons/ItemCore/
 6:01:36 Updating base class ->ItemCore, by a3\weapons_f\config.bin/cfgWeapons/ItemWatch/
 6:01:36 Updating base class ->Binocular, by a3\weapons_f\config.bin/cfgWeapons/NVGoggles/
 6:01:36 Updating base class ->Bag_Base, by a3\weapons_f\ammoboxes\config.bin/CfgVehicles/B_Kitbag_Base/
 6:01:36 Updating base class ->Bag_Base, by a3\weapons_f\ammoboxes\config.bin/CfgVehicles/B_Carryall_Base/
 6:01:36 Updating base class ->B_Bergen_Base, by a3\weapons_f\ammoboxes\config.bin/CfgVehicles/B_Bergen_rgr/
 6:01:36 Updating base class ->B_AssaultPack_mcamo, by a3\weapons_f\ammoboxes\config.bin/CfgVehicles/B_AssaultPack_Kerry/
 6:01:36 Updating base class ->InventoryItem_Base_F, by a3\weapons_f\items\config.bin/CfgWeapons/InventoryFlashLightItem_Base_F/
 6:01:36 Updating base class ->InventoryItem_Base_F, by a3\weapons_f\items\config.bin/CfgWeapons/InventoryMuzzleItem_Base_F/
 6:01:36 Updating base class ->InventoryItem_Base_F, by a3\weapons_f\items\config.bin/CfgWeapons/InventoryOpticsItem_Base_F/
 6:01:36 Updating base class ->InventoryItem_Base_F, by a3\weapons_f\items\config.bin/CfgWeapons/UniformItem/
 6:01:37 Updating base class ->SoldierWB, by a3\characters_f\config.bin/CfgVehicles/B_Soldier_base_F/
 6:01:37 Updating base class ->UniformItem, by a3\characters_f\config.bin/cfgWeapons/Uniform_Base/ItemInfo/
 6:01:37 Updating base class ->InventoryItem_Base_F, by a3\characters_f\config.bin/cfgWeapons/HeadgearItem/
 6:01:37 Updating base class ->None, by a3\characters_f\heads\config.bin/CfgGlasses/G_Tactical_Clear/
 6:01:37 Updating base class ->ItemCore, by a3\weapons_f\acc\config.bin/cfgWeapons/Zasleh2/
 6:01:37 Updating base class Vest_Camo_Base->V_PlateCarrier1_rgr, by ascz_additional_content\config.bin/cfgWeapons/V_PlateCarrier1_blk/
 6:01:37 Updating base class ItemInfo->ItemInfo, by ascz_additional_content\config.bin/cfgWeapons/V_PlateCarrier1_blk/ItemInfo/
 6:01:37 Updating base class NVGoggles->Binocular, by lsd_nvg\config.cpp/cfgWeapons/NVGoggles_INDEP/
 6:01:37 Updating base class NVGoggles->Binocular, by lsd_nvg\config.cpp/cfgWeapons/NVGoggles_OPFOR/
 6:01:37 Updating base class CAManBase->SoldierGB, by pg_services_pmc_config\characters\pmc\config.bin/CfgVehicles/SoldierWB/
 6:01:37 Updating base class SoldierGB->SoldierWB, by pg_services_pmc_config\characters\pmc\config.bin/CfgVehicles/I_Soldier_base_F/
 6:01:37 Updating base class H_HelmetB->ItemCore, by pg_services_pmc_config\gear\config.bin/cfgWeapons/H_HelmetB_plain_mcamo/
 6:01:37 Updating base class Turrets->, by a3\air_f_beta\config.bin/CfgVehicles/Plane_Base_F/Turrets/
 6:01:37 Updating base class ->NewTurret, by a3\air_f_beta\config.bin/CfgVehicles/Plane_Base_F/Turrets/CopilotTurret/
 6:01:37 Updating base class ->SlotInfo, by a3\weapons_f_mark\config.bin/UnderBarrelSlot/
 6:01:38 Updating base class Heli_light_03_base_F->Helicopter_Base_F, by PA_veh_actions\config.cpp/CfgVehicles/I_Heli_light_03_base_F/
 6:01:38 Updating base class ->UserActions, by PA_veh_actions\config.cpp/CfgVehicles/Heli_Transport_01_base_F/UserActions/
 6:01:38 Updating base class ->UserActions, by PA_veh_actions\config.cpp/CfgVehicles/Heli_Transport_02_base_F/UserActions/
 6:01:38 Updating base class ->UserActions, by PA_veh_actions\config.cpp/CfgVehicles/Heli_Attack_02_base_F/UserActions/
 6:01:38 Updating base class Heli_Light_01_unarmed_base_F->Heli_Light_01_base_F, by PA_veh_actions\config.cpp/CfgVehicles/Heli_Light_01_civil_base_F/
 6:01:38 Updating base class OpenDoor_1->OpenDoor_1, by PA_veh_actions\config.cpp/CfgVehicles/O_Heli_Transport_04_covered_F/UserActions/OpenDoor_4/
 6:01:38 Updating base class CloseDoor_1->CloseDoor_1, by PA_veh_actions\config.cpp/CfgVehicles/O_Heli_Transport_04_covered_F/UserActions/CloseDoor_4/
 6:01:38 Updating base class OpenDoor_1->OpenDoor_1, by PA_veh_actions\config.cpp/CfgVehicles/O_Heli_Transport_04_covered_F/UserActions/OpenDoor_5/
 6:01:38 Updating base class CloseDoor_1->CloseDoor_1, by PA_veh_actions\config.cpp/CfgVehicles/O_Heli_Transport_04_covered_F/UserActions/CloseDoor_5/
 6:01:38 Updating base class OpenDoor_1->OpenDoor_1, by PA_veh_actions\config.cpp/CfgVehicles/O_Heli_Transport_04_covered_F/UserActions/OpenDoor_6/
 6:01:38 Updating base class CloseDoor_1->CloseDoor_1, by PA_veh_actions\config.cpp/CfgVehicles/O_Heli_Transport_04_covered_F/UserActions/CloseDoor_6/
 6:01:38 Updating base class OpenDoor_1->OpenDoor_1, by PA_veh_actions\config.cpp/CfgVehicles/O_Heli_Transport_04_medevac_F/UserActions/OpenDoor_4/
 6:01:38 Updating base class CloseDoor_1->CloseDoor_1, by PA_veh_actions\config.cpp/CfgVehicles/O_Heli_Transport_04_medevac_F/UserActions/CloseDoor_4/
 6:01:38 Updating base class OpenDoor_1->OpenDoor_1, by PA_veh_actions\config.cpp/CfgVehicles/O_Heli_Transport_04_medevac_F/UserActions/OpenDoor_6/
 6:01:38 Updating base class CloseDoor_1->CloseDoor_1, by PA_veh_actions\config.cpp/CfgVehicles/O_Heli_Transport_04_medevac_F/UserActions/CloseDoor_6/
 6:01:38 Updating base class Heli_Transport_03_base_F->Helicopter_Base_H, by PA_veh_actions\config.cpp/CfgVehicles/B_Heli_Transport_03_base_F/
 6:01:38 Updating base class ->UserActions, by PA_veh_actions\config.cpp/CfgVehicles/Land_Pod_Heli_Transport_04_covered_F/UserActions/
 6:01:38 Updating base class OpenDoor_6->, by PA_veh_actions\config.cpp/CfgVehicles/Land_Pod_Heli_Transport_04_covered_F/UserActions/Ramp_Open/
 6:01:38 Updating base class CloseDoor_6->Ramp_Open, by PA_veh_actions\config.cpp/CfgVehicles/Land_Pod_Heli_Transport_04_covered_F/UserActions/Ramp_Close/
 6:01:38 Updating base class ->UserActions, by PA_veh_actions\config.cpp/CfgVehicles/MRAP_02_base_F/UserActions/
 6:01:38 Updating base class ->UserActions, by PA_veh_actions\config.cpp/CfgVehicles/Offroad_01_base_F/UserActions/
 6:01:38 Updating base class ->Turrets, by USAF_cv22\config.bin/CfgVehicles/Plane_Base_F/Turrets/
 6:01:38 Updating base class Crew->Mi17_Cargo02, by USAF_cv22idws\config.bin/CfgMovesMaleSdr/States/Stryker_Commander_EP1/
 6:01:38 Updating base class ->Turrets, by USAF_hh60g\config.bin/CfgVehicles/Helicopter/Turrets/
 6:01:38 Updating base class ->Wheeled_APC_F, by a3\armor_f_beta\apc_wheeled_01\config.bin/CfgVehicles/APC_Wheeled_01_base_F/
 6:01:38 Updating base class ->Wheeled_APC_F, by a3\armor_f_beta\apc_wheeled_02\config.bin/CfgVehicles/APC_Wheeled_02_base_F/
 6:01:38 Updating base class ->Wheeled_APC_F, by a3\armor_f_gamma\apc_wheeled_03\config.bin/CfgVehicles/APC_Wheeled_03_base_F/
 6:01:38 Updating base class ->Crew, by a3\cargoposes_f\config.bin/CfgMovesMaleSdr/States/pilot_plane_cas_01/
 6:01:38 Updating base class ->PreciseCrew, by a3\cargoposes_f\config.bin/CfgMovesMaleSdr/States/pilot_plane_cas_01_getin/
 6:01:38 Updating base class ->pilot_plane_cas_01_getin, by a3\cargoposes_f\config.bin/CfgMovesMaleSdr/States/pilot_plane_cas_01_getout/
 6:01:38 Updating base class Heli_Light_01_base_F->Heli_Light_01_unarmed_base_F, by x\cba\addons\xeh_a3\config.bin/CfgVehicles/Heli_Light_01_civil_base_F/
 6:01:39 ragdollHitDmgLimit (0.000000) is lower than minimum (0.010000) and it was set to min.
 6:01:39 Initializing Steam Manager
 6:01:39 Steam Manager initialized.
 6:01:39 
 6:01:39 ==== Loaded addons ====
 6:01:39 
 6:01:39 C:\Program Files (x86)\Steam\steamapps\common\Arma 3 Server\@allinarmaterrainpack\dta\aia_languagecore.pbo - unknown
 6:01:39 C:\Program Files (x86)\Steam\steamapps\common\Arma 3 Server\@allinarmaterrainpack\dta\aia_languagecore_h.pbo - unknown
 6:01:39 dta\bin.pbo - unknown
 6:01:39 dta\core.pbo - 84186
 6:01:39 dta\languagecore_f.pbo - 86295
 6:01:39 C:\Program Files (x86)\Steam\steamapps\common\Arma 3 Server\@Australia\addons\a6m5wreck.pbo - unknown
 6:01:39 C:\Program Files (x86)\Steam\steamapps\common\Arma 3 Server\@Australia\addons\ausextras.pbo - unknown
 6:01:39 C:\Program Files (x86)\Steam\steamapps\common\Arma 3 Server\@Australia\addons\ausroads.pbo - unknown
 6:01:39 C:\Program Files (x86)\Steam\steamapps\common\Arma 3 Server\@Australia\addons\ausrocks.pbo - unknown
 6:01:39 C:\Program Files (x86)\Steam\steamapps\common\Arma 3 Server\@Australia\addons\australia.pbo - unknown
 6:01:39 C:\Program Files (x86)\Steam\steamapps\common\Arma 3 Server\@Australia\addons\australia_scenes.pbo - unknown
 6:01:39 C:\Program Files (x86)\Steam\steamapps\common\Arma 3 Server\@Australia\addons\brg_africa.pbo - unknown
 6:01:39 C:\Program Files (x86)\Steam\steamapps\common\Arma 3 Server\@Australia\addons\e76_buildings.pbo - unknown
 6:01:39 C:\Program Files (x86)\Steam\steamapps\common\Arma 3 Server\@Australia\addons\e76_objects.pbo - unknown
 6:01:39 C:\Program Files (x86)\Steam\steamapps\common\Arma 3 Server\@Australia\addons\jonzie_code.pbo - unknown
 6:01:39 C:\Program Files (x86)\Steam\steamapps\common\Arma 3 Server\@Australia\addons\mm_apartment.pbo - unknown
 6:01:39 C:\Program Files (x86)\Steam\steamapps\common\Arma 3 Server\@Australia\addons\mm_bank.pbo - unknown
 6:01:39 C:\Program Files (x86)\Steam\steamapps\common\Arma 3 Server\@Australia\addons\mm_buildings.pbo - unknown
 6:01:39 C:\Program Files (x86)\Steam\steamapps\common\Arma 3 Server\@Australia\addons\mm_buildings2.pbo - unknown
 6:01:39 C:\Program Files (x86)\Steam\steamapps\common\Arma 3 Server\@Australia\addons\mm_buildings3.pbo - unknown
 6:01:39 C:\Program Files (x86)\Steam\steamapps\common\Arma 3 Server\@Australia\addons\mm_buildings4.pbo - unknown
 6:01:39 C:\Program Files (x86)\Steam\steamapps\common\Arma 3 Server\@Australia\addons\mm_civilengineering.pbo - unknown
 6:01:39 C:\Program Files (x86)\Steam\steamapps\common\Arma 3 Server\@Australia\addons\mm_fence.pbo - unknown
 6:01:39 C:\Program Files (x86)\Steam\steamapps\common\Arma 3 Server\@Australia\addons\mm_objects.pbo - unknown
 6:01:39 C:\Program Files (x86)\Steam\steamapps\common\Arma 3 Server\@Australia\addons\mm_post.pbo - unknown
 6:01:39 C:\Program Files (x86)\Steam\steamapps\common\Arma 3 Server\@Australia\addons\mm_residential.pbo - unknown
 6:01:39 C:\Program Files (x86)\Steam\steamapps\common\Arma 3 Server\@Australia\addons\mm_residential2.pbo - unknown
 6:01:39 C:\Program Files (x86)\Steam\steamapps\common\Arma 3 Server\@Australia\addons\mm_shopping.pbo - unknown
 6:01:39 C:\Program Files (x86)\Steam\steamapps\common\Arma 3 Server\@Australia\addons\plp_beachobjects.pbo - unknown
 6:01:39 C:\Program Files (x86)\Steam\steamapps\common\Arma 3 Server\@Australia\addons\shb.pbo - unknown
 6:01:39 C:\Program Files (x86)\Steam\steamapps\common\Arma 3 Server\@Australia\addons\xcam_objects.pbo - unknown
 6:01:39 C:\Program Files (x86)\Steam\steamapps\common\Arma 3 Server\@Australia\addons\xcam_pipe.pbo - unknown
 6:01:39 C:\Program Files (x86)\Steam\steamapps\common\Arma 3 Server\@Australia\addons\xcam_wood.pbo - unknown
 6:01:39 C:\Program Files (x86)\Steam\steamapps\common\Arma 3 Server\@allinarmaterrainpack\addons\afghan.pbo - unknown
 6:01:39 C:\Program Files (x86)\Steam\steamapps\common\Arma 3 Server\@allinarmaterrainpack\addons\afghan_c.pbo - unknown
 6:01:39 C:\Program Files (x86)\Steam\steamapps\common\Arma 3 Server\@allinarmaterrainpack\addons\aia_a1alwaysdummy.pbo - unknown
 6:01:39 C:\Program Files (x86)\Steam\steamapps\common\Arma 3 Server\@allinarmaterrainpack\addons\aia_baseconfig_f.pbo - unknown
 6:01:39 C:\Program Files (x86)\Steam\steamapps\common\Arma 3 Server\@allinarmaterrainpack\addons\aia_core.pbo - unknown
 6:01:39 C:\Program Files (x86)\Steam\steamapps\common\Arma 3 Server\@allinarmaterrainpack\addons\aia_language.pbo - unknown
 6:01:39 C:\Program Files (x86)\Steam\steamapps\common\Arma 3 Server\@allinarmaterrainpack\addons\aia_languagemissions.pbo - unknown
 6:01:39 C:\Program Files (x86)\Steam\steamapps\common\Arma 3 Server\@allinarmaterrainpack\addons\aia_languagemissions_e.pbo - unknown
 6:01:39 C:\Program Files (x86)\Steam\steamapps\common\Arma 3 Server\@allinarmaterrainpack\addons\aia_languagemissions_h.pbo - 53827
 6:01:39 C:\Program Files (x86)\Steam\steamapps\common\Arma 3 Server\@allinarmaterrainpack\addons\aia_language_h.pbo - 53827
 6:01:39 C:\Program Files (x86)\Steam\steamapps\common\Arma 3 Server\@allinarmaterrainpack\addons\aia_terrainpack_core.pbo - unknown
 6:01:39 C:\Program Files (x86)\Steam\steamapps\common\Arma 3 Server\@allinarmaterrainpack\addons\aia_terrainpack_dummy.pbo - unknown
 6:01:39 C:\Program Files (x86)\Steam\steamapps\common\Arma 3 Server\@allinarmaterrainpack\addons\aia_tkoh_dummy.pbo - unknown
 6:01:39 C:\Program Files (x86)\Steam\steamapps\common\Arma 3 Server\@allinarmaterrainpack\addons\aia_tp_a10_dummy.pbo - unknown
 6:01:39 C:\Program Files (x86)\Steam\steamapps\common\Arma 3 Server\@allinarmaterrainpack\addons\aia_tp_air2_dummy.pbo - unknown
 6:01:39 C:\Program Files (x86)\Steam\steamapps\common\Arma 3 Server\@allinarmaterrainpack\addons\aia_tp_air3_dummy.pbo - unknown
 6:01:39 C:\Program Files (x86)\Steam\steamapps\common\Arma 3 Server\@allinarmaterrainpack\addons\aia_tp_air_dummy.pbo - unknown
 6:01:39 C:\Program Files (x86)\Steam\steamapps\common\Arma 3 Server\@allinarmaterrainpack\addons\aia_tp_air_e_dummy.pbo - unknown
 6:01:39 C:\Program Files (x86)\Steam\steamapps\common\Arma 3 Server\@allinarmaterrainpack\addons\aia_tp_animations_dummy.pbo - unknown
 6:01:39 C:\Program Files (x86)\Steam\steamapps\common\Arma 3 Server\@allinarmaterrainpack\addons\aia_tp_characters2_dummy.pbo - unknown
 6:01:39 C:\Program Files (x86)\Steam\steamapps\common\Arma 3 Server\@allinarmaterrainpack\addons\aia_tp_sounds_dummy.pbo - unknown
 6:01:39 C:\Program Files (x86)\Steam\steamapps\common\Arma 3 Server\@allinarmaterrainpack\addons\aia_tp_sounds_e_dummy.pbo - unknown
 6:01:39 C:\Program Files (x86)\Steam\steamapps\common\Arma 3 Server\@allinarmaterrainpack\addons\aia_tp_tracked2_dummy.pbo - unknown
 6:01:39 C:\Program Files (x86)\Steam\steamapps\common\Arma 3 Server\@allinarmaterrainpack\addons\aia_tp_tracked_dummy.pbo - unknown
 6:01:39 C:\Program Files (x86)\Steam\steamapps\common\Arma 3 Server\@allinarmaterrainpack\addons\aia_tp_tracked_e_dummy.pbo - unknown
 6:01:39 C:\Program Files (x86)\Steam\steamapps\common\Arma 3 Server\@allinarmaterrainpack\addons\aia_tp_water2_dummy.pbo - unknown
 6:01:39 C:\Program Files (x86)\Steam\steamapps\common\Arma 3 Server\@allinarmaterrainpack\addons\aia_tp_water_dummy.pbo - unknown
 6:01:39 C:\Program Files (x86)\Steam\steamapps\common\Arma 3 Server\@allinarmaterrainpack\addons\aia_tp_weapons2_dummy.pbo - unknown
 6:01:39 C:\Program Files (x86)\Steam\steamapps\common\Arma 3 Server\@allinarmaterrainpack\addons\aia_tp_weapons_dummy.pbo - unknown
 6:01:39 C:\Program Files (x86)\Steam\steamapps\common\Arma 3 Server\@allinarmaterrainpack\addons\aia_tp_weapons_e_dummy.pbo - unknown
 6:01:39 C:\Program Files (x86)\Steam\steamapps\common\Arma 3 Server\@allinarmaterrainpack\addons\aia_tp_weapons_pmc_dummy.pbo - unknown
 6:01:39 C:\Program Files (x86)\Steam\steamapps\common\Arma 3 Server\@allinarmaterrainpack\addons\aia_tp_wheeled2_dummy.pbo - unknown
 6:01:39 C:\Program Files (x86)\Steam\steamapps\common\Arma 3 Server\@allinarmaterrainpack\addons\aia_tp_wheeled_dummy.pbo - unknown
 6:01:39 C:\Program Files (x86)\Steam\steamapps\common\Arma 3 Server\@allinarmaterrainpack\addons\aia_tp_wheeled_e_dummy.pbo - unknown
 6:01:39 C:\Program Files (x86)\Steam\steamapps\common\Arma 3 Server\@allinarmaterrainpack\addons\aia_worlds.pbo - unknown
 6:01:39 C:\Program Files (x86)\Steam\steamapps\common\Arma 3 Server\@allinarmaterrainpack\addons\bohemia.pbo - unknown
 6:01:39 C:\Program Files (x86)\Steam\steamapps\common\Arma 3 Server\@allinarmaterrainpack\addons\bohemia_c.pbo - unknown
 6:01:39 C:\Program Files (x86)\Steam\steamapps\common\Arma 3 Server\@allinarmaterrainpack\addons\bootcamp_acr.pbo - unknown
 6:01:39 C:\Program Files (x86)\Steam\steamapps\common\Arma 3 Server\@allinarmaterrainpack\addons\bootcamp_acr_c.pbo - unknown
 6:01:39 C:\Program Files (x86)\Steam\steamapps\common\Arma 3 Server\@allinarmaterrainpack\addons\buildings.pbo - unknown
 6:01:39 C:\Program Files (x86)\Steam\steamapps\common\Arma 3 Server\@allinarmaterrainpack\addons\buildings2.pbo - unknown
 6:01:39 C:\Program Files (x86)\Steam\steamapps\common\Arma 3 Server\@allinarmaterrainpack\addons\buildings2_c.pbo - unknown
 6:01:39 C:\Program Files (x86)\Steam\steamapps\common\Arma 3 Server\@allinarmaterrainpack\addons\buildings2_ind_cementworks.pbo - unknown
 6:01:39 C:\Program Files (x86)\Steam\steamapps\common\Arma 3 Server\@allinarmaterrainpack\addons\buildings_c.pbo - unknown
 6:01:39 C:\Program Files (x86)\Steam\steamapps\common\Arma 3 Server\@allinarmaterrainpack\addons\ca.pbo - unknown
 6:01:39 C:\Program Files (x86)\Steam\steamapps\common\Arma 3 Server\@allinarmaterrainpack\addons\ca_acr.pbo - unknown
 6:01:39 C:\Program Files (x86)\Steam\steamapps\common\Arma 3 Server\@allinarmaterrainpack\addons\ca_c.pbo - unknown
 6:01:39 C:\Program Files (x86)\Steam\steamapps\common\Arma 3 Server\@allinarmaterrainpack\addons\ca_e.pbo - unknown
 6:01:39 C:\Program Files (x86)\Steam\steamapps\common\Arma 3 Server\@allinarmaterrainpack\addons\ca_pmc.pbo - unknown
 6:01:39 C:\Program Files (x86)\Steam\steamapps\common\Arma 3 Server\@allinarmaterrainpack\addons\cba_xeh_a2_dummy.pbo - unknown
 6:01:39 C:\Program Files (x86)\Steam\steamapps\common\Arma 3 Server\@allinarmaterrainpack\addons\cba_xeh_oa_dummy.pbo - unknown
 6:01:39 C:\Program Files (x86)\Steam\steamapps\common\Arma 3 Server\@allinarmaterrainpack\addons\chernarus.pbo - unknown
 6:01:39 C:\Program Files (x86)\Steam\steamapps\common\Arma 3 Server\@allinarmaterrainpack\addons\chernarus_c.pbo - unknown
 6:01:39 C:\Program Files (x86)\Steam\steamapps\common\Arma 3 Server\@allinarmaterrainpack\addons\chernarus_data.pbo - unknown
 6:01:39 C:\Program Files (x86)\Steam\steamapps\common\Arma 3 Server\@allinarmaterrainpack\addons\chernarus_data_layers.pbo - unknown
 6:01:39 C:\Program Files (x86)\Steam\steamapps\common\Arma 3 Server\@allinarmaterrainpack\addons\chernarus_summer.pbo - unknown
 6:01:39 C:\Program Files (x86)\Steam\steamapps\common\Arma 3 Server\@allinarmaterrainpack\addons\chernarus_summer_c.pbo - unknown
 6:01:39 C:\Program Files (x86)\Steam\steamapps\common\Arma 3 Server\@allinarmaterrainpack\addons\cti_buildings.pbo - unknown
 6:01:39 C:\Program Files (x86)\Steam\steamapps\common\Arma 3 Server\@allinarmaterrainpack\addons\data_baf.pbo - unknown
 6:01:39 C:\Program Files (x86)\Steam\steamapps\common\Arma 3 Server\@allinarmaterrainpack\addons\data_baf_c.pbo - unknown
 6:01:39 C:\Program Files (x86)\Steam\steamapps\common\Arma 3 Server\@allinarmaterrainpack\addons\desert.pbo - unknown
 6:01:39 C:\Program Files (x86)\Steam\steamapps\common\Arma 3 Server\@allinarmaterrainpack\addons\desert2.pbo - unknown
 6:01:39 C:\Program Files (x86)\Steam\steamapps\common\Arma 3 Server\@allinarmaterrainpack\addons\desert2_c.pbo - unknown
 6:01:39 C:\Program Files (x86)\Steam\steamapps\common\Arma 3 Server\@allinarmaterrainpack\addons\desert_c.pbo - unknown
 6:01:39 C:\Program Files (x86)\Steam\steamapps\common\Arma 3 Server\@allinarmaterrainpack\addons\desert_e.pbo - unknown
 6:01:39 C:\Program Files (x86)\Steam\steamapps\common\Arma 3 Server\@allinarmaterrainpack\addons\desert_e_c.pbo - unknown
 6:01:39 C:\Program Files (x86)\Steam\steamapps\common\Arma 3 Server\@allinarmaterrainpack\addons\disable_xeh_logging.pbo - unknown
 6:01:39 C:\Program Files (x86)\Steam\steamapps\common\Arma 3 Server\@allinarmaterrainpack\addons\hotfix.pbo - unknown
 6:01:39 C:\Program Files (x86)\Steam\steamapps\common\Arma 3 Server\@allinarmaterrainpack\addons\hotfix_c.pbo - unknown
 6:01:39 C:\Program Files (x86)\Steam\steamapps\common\Arma 3 Server\@allinarmaterrainpack\addons\introanims.pbo - unknown
 6:01:39 C:\Program Files (x86)\Steam\steamapps\common\Arma 3 Server\@allinarmaterrainpack\addons\languagemissions_acr.pbo - unknown
 6:01:39 C:\Program Files (x86)\Steam\steamapps\common\Arma 3 Server\@allinarmaterrainpack\addons\languagemissions_acr_c.pbo - unknown
 6:01:39 C:\Program Files (x86)\Steam\steamapps\common\Arma 3 Server\@allinarmaterrainpack\addons\languagemissions_baf.pbo - unknown
 6:01:39 C:\Program Files (x86)\Steam\steamapps\common\Arma 3 Server\@allinarmaterrainpack\addons\languagemissions_baf_c.pbo - unknown
 6:01:39 C:\Program Files (x86)\Steam\steamapps\common\Arma 3 Server\@allinarmaterrainpack\addons\languagemissions_pmc.pbo - unknown
 6:01:39 C:\Program Files (x86)\Steam\steamapps\common\Arma 3 Server\@allinarmaterrainpack\addons\languagemissions_pmc_c.pbo - unknown
 6:01:39 C:\Program Files (x86)\Steam\steamapps\common\Arma 3 Server\@allinarmaterrainpack\addons\language_acr.pbo - unknown
 6:01:39 C:\Program Files (x86)\Steam\steamapps\common\Arma 3 Server\@allinarmaterrainpack\addons\language_acr_c.pbo - unknown
 6:01:39 C:\Program Files (x86)\Steam\steamapps\common\Arma 3 Server\@allinarmaterrainpack\addons\language_baf.pbo - unknown
 6:01:39 C:\Program Files (x86)\Steam\steamapps\common\Arma 3 Server\@allinarmaterrainpack\addons\language_baf_c.pbo - unknown
 6:01:39 C:\Program Files (x86)\Steam\steamapps\common\Arma 3 Server\@allinarmaterrainpack\addons\language_e.pbo - unknown
 6:01:39 C:\Program Files (x86)\Steam\steamapps\common\Arma 3 Server\@allinarmaterrainpack\addons\language_e_c.pbo - unknown
 6:01:39 C:\Program Files (x86)\Steam\steamapps\common\Arma 3 Server\@allinarmaterrainpack\addons\language_pmc.pbo - unknown
 6:01:39 C:\Program Files (x86)\Steam\steamapps\common\Arma 3 Server\@allinarmaterrainpack\addons\language_pmc_c.pbo - unknown
 6:01:39 C:\Program Files (x86)\Steam\steamapps\common\Arma 3 Server\@allinarmaterrainpack\addons\misc.pbo - unknown
 6:01:39 C:\Program Files (x86)\Steam\steamapps\common\Arma 3 Server\@allinarmaterrainpack\addons\misc2.pbo - unknown
 6:01:39 C:\Program Files (x86)\Steam\steamapps\common\Arma 3 Server\@allinarmaterrainpack\addons\misc2_c.pbo - unknown
 6:01:39 C:\Program Files (x86)\Steam\steamapps\common\Arma 3 Server\@allinarmaterrainpack\addons\misc3.pbo - unknown
 6:01:39 C:\Program Files (x86)\Steam\steamapps\common\Arma 3 Server\@allinarmaterrainpack\addons\misc3_c.pbo - unknown
 6:01:39 C:\Program Files (x86)\Steam\steamapps\common\Arma 3 Server\@allinarmaterrainpack\addons\misc_acr.pbo - unknown
 6:01:39 C:\Program Files (x86)\Steam\steamapps\common\Arma 3 Server\@allinarmaterrainpack\addons\misc_acr_c.pbo - unknown
 6:01:39 C:\Program Files (x86)\Steam\steamapps\common\Arma 3 Server\@allinarmaterrainpack\addons\misc_c.pbo - unknown
 6:01:39 C:\Program Files (x86)\Steam\steamapps\common\Arma 3 Server\@allinarmaterrainpack\addons\misc_e.pbo - unknown
 6:01:39 C:\Program Files (x86)\Steam\steamapps\common\Arma 3 Server\@allinarmaterrainpack\addons\misc_e_c.pbo - unknown
 6:01:39 C:\Program Files (x86)\Steam\steamapps\common\Arma 3 Server\@allinarmaterrainpack\addons\models_dbe1.pbo - unknown
 6:01:39 C:\Program Files (x86)\Steam\steamapps\common\Arma 3 Server\@allinarmaterrainpack\addons\models_dbe1_c.pbo - unknown
 6:01:39 C:\Program Files (x86)\Steam\steamapps\common\Arma 3 Server\@allinarmaterrainpack\addons\plants.pbo - unknown
 6:01:39 C:\Program Files (x86)\Steam\steamapps\common\Arma 3 Server\@allinarmaterrainpack\addons\plants2_bush.pbo - unknown
 6:01:39 C:\Program Files (x86)\Steam\steamapps\common\Arma 3 Server\@allinarmaterrainpack\addons\plants2_clutter.pbo - unknown
 6:01:39 C:\Program Files (x86)\Steam\steamapps\common\Arma 3 Server\@allinarmaterrainpack\addons\plants2_misc.pbo - unknown
 6:01:39 C:\Program Files (x86)\Steam\steamapps\common\Arma 3 Server\@allinarmaterrainpack\addons\plants2_plant.pbo - unknown
 6:01:39 C:\Program Files (x86)\Steam\steamapps\common\Arma 3 Server\@allinarmaterrainpack\addons\plants2_tree.pbo - unknown
 6:01:39 C:\Program Files (x86)\Steam\steamapps\common\Arma 3 Server\@allinarmaterrainpack\addons\plants_c.pbo - unknown
 6:01:39 C:\Program Files (x86)\Steam\steamapps\common\Arma 3 Server\@allinarmaterrainpack\addons\plants_e.pbo - unknown
 6:01:39 C:\Program Files (x86)\Steam\steamapps\common\Arma 3 Server\@allinarmaterrainpack\addons\plants_e2.pbo - unknown
 6:01:39 C:\Program Files (x86)\Steam\steamapps\common\Arma 3 Server\@allinarmaterrainpack\addons\plants_pmc.pbo - unknown
 6:01:39 C:\Program Files (x86)\Steam\steamapps\common\Arma 3 Server\@allinarmaterrainpack\addons\provinggrounds_pmc.pbo - unknown
 6:01:39 C:\Program Files (x86)\Steam\steamapps\common\Arma 3 Server\@allinarmaterrainpack\addons\provinggrounds_pmc_c.pbo - unknown
 6:01:39 C:\Program Files (x86)\Steam\steamapps\common\Arma 3 Server\@allinarmaterrainpack\addons\roads.pbo - unknown
 6:01:39 C:\Program Files (x86)\Steam\steamapps\common\Arma 3 Server\@allinarmaterrainpack\addons\roads2.pbo - unknown
 6:01:39 C:\Program Files (x86)\Steam\steamapps\common\Arma 3 Server\@allinarmaterrainpack\addons\roads2_c.pbo - unknown
 6:01:39 C:\Program Files (x86)\Steam\steamapps\common\Arma 3 Server\@allinarmaterrainpack\addons\roads_c.pbo - unknown
 6:01:39 C:\Program Files (x86)\Steam\steamapps\common\Arma 3 Server\@allinarmaterrainpack\addons\roads_e.pbo - unknown
 6:01:39 C:\Program Files (x86)\Steam\steamapps\common\Arma 3 Server\@allinarmaterrainpack\addons\roads_e_c.pbo - unknown
 6:01:39 C:\Program Files (x86)\Steam\steamapps\common\Arma 3 Server\@allinarmaterrainpack\addons\roads_pmc.pbo - unknown
 6:01:39 C:\Program Files (x86)\Steam\steamapps\common\Arma 3 Server\@allinarmaterrainpack\addons\roads_pmc_c.pbo - unknown
 6:01:39 C:\Program Files (x86)\Steam\steamapps\common\Arma 3 Server\@allinarmaterrainpack\addons\rocks.pbo - unknown
 6:01:39 C:\Program Files (x86)\Steam\steamapps\common\Arma 3 Server\@allinarmaterrainpack\addons\rocks2.pbo - unknown
 6:01:39 C:\Program Files (x86)\Steam\steamapps\common\Arma 3 Server\@allinarmaterrainpack\addons\rocks2_c.pbo - unknown
 6:01:39 C:\Program Files (x86)\Steam\steamapps\common\Arma 3 Server\@allinarmaterrainpack\addons\rocks_c.pbo - unknown
 6:01:39 C:\Program Files (x86)\Steam\steamapps\common\Arma 3 Server\@allinarmaterrainpack\addons\rocks_e.pbo - unknown
 6:01:39 C:\Program Files (x86)\Steam\steamapps\common\Arma 3 Server\@allinarmaterrainpack\addons\rocks_e_c.pbo - unknown
 6:01:39 C:\Program Files (x86)\Steam\steamapps\common\Arma 3 Server\@allinarmaterrainpack\addons\sara.pbo - unknown
 6:01:39 C:\Program Files (x86)\Steam\steamapps\common\Arma 3 Server\@allinarmaterrainpack\addons\saralite.pbo - unknown
 6:01:39 C:\Program Files (x86)\Steam\steamapps\common\Arma 3 Server\@allinarmaterrainpack\addons\saralite_c.pbo - unknown
 6:01:39 C:\Program Files (x86)\Steam\steamapps\common\Arma 3 Server\@allinarmaterrainpack\addons\sara_c.pbo - unknown
 6:01:39 C:\Program Files (x86)\Steam\steamapps\common\Arma 3 Server\@allinarmaterrainpack\addons\sara_dbe1.pbo - unknown
 6:01:39 C:\Program Files (x86)\Steam\steamapps\common\Arma 3 Server\@allinarmaterrainpack\addons\sara_dbe1_c.pbo - unknown
 6:01:39 C:\Program Files (x86)\Steam\steamapps\common\Arma 3 Server\@allinarmaterrainpack\addons\shapur_baf.pbo - unknown
 6:01:39 C:\Program Files (x86)\Steam\steamapps\common\Arma 3 Server\@allinarmaterrainpack\addons\shapur_baf_c.pbo - unknown
 6:01:39 C:\Program Files (x86)\Steam\steamapps\common\Arma 3 Server\@allinarmaterrainpack\addons\signs.pbo - unknown
 6:01:39 C:\Program Files (x86)\Steam\steamapps\common\Arma 3 Server\@allinarmaterrainpack\addons\signs2.pbo - unknown
 6:01:39 C:\Program Files (x86)\Steam\steamapps\common\Arma 3 Server\@allinarmaterrainpack\addons\signs2_c.pbo - unknown
 6:01:39 C:\Program Files (x86)\Steam\steamapps\common\Arma 3 Server\@allinarmaterrainpack\addons\signs_c.pbo - unknown
 6:01:39 C:\Program Files (x86)\Steam\steamapps\common\Arma 3 Server\@allinarmaterrainpack\addons\signs_e.pbo - unknown
 6:01:39 C:\Program Files (x86)\Steam\steamapps\common\Arma 3 Server\@allinarmaterrainpack\addons\signs_e_c.pbo - unknown
 6:01:39 C:\Program Files (x86)\Steam\steamapps\common\Arma 3 Server\@allinarmaterrainpack\addons\sounds_c.pbo - unknown
 6:01:39 C:\Program Files (x86)\Steam\steamapps\common\Arma 3 Server\@allinarmaterrainpack\addons\structures.pbo - unknown
 6:01:39 C:\Program Files (x86)\Steam\steamapps\common\Arma 3 Server\@allinarmaterrainpack\addons\structures_c.pbo - unknown
 6:01:39 C:\Program Files (x86)\Steam\steamapps\common\Arma 3 Server\@allinarmaterrainpack\addons\structures_e.pbo - unknown
 6:01:39 C:\Program Files (x86)\Steam\steamapps\common\Arma 3 Server\@allinarmaterrainpack\addons\structures_e_c.pbo - unknown
 6:01:39 C:\Program Files (x86)\Steam\steamapps\common\Arma 3 Server\@allinarmaterrainpack\addons\structures_pmc.pbo - unknown
 6:01:39 C:\Program Files (x86)\Steam\steamapps\common\Arma 3 Server\@allinarmaterrainpack\addons\structures_pmc_c.pbo - unknown
 6:01:39 C:\Program Files (x86)\Steam\steamapps\common\Arma 3 Server\@allinarmaterrainpack\addons\takistan.pbo - unknown
 6:01:39 C:\Program Files (x86)\Steam\steamapps\common\Arma 3 Server\@allinarmaterrainpack\addons\takistan_c.pbo - unknown
 6:01:39 C:\Program Files (x86)\Steam\steamapps\common\Arma 3 Server\@allinarmaterrainpack\addons\takistan_data.pbo - unknown
 6:01:39 C:\Program Files (x86)\Steam\steamapps\common\Arma 3 Server\@allinarmaterrainpack\addons\takistan_data_layers.pbo - unknown
 6:01:39 C:\Program Files (x86)\Steam\steamapps\common\Arma 3 Server\@allinarmaterrainpack\addons\ui.pbo - unknown
 6:01:39 C:\Program Files (x86)\Steam\steamapps\common\Arma 3 Server\@allinarmaterrainpack\addons\utes.pbo - unknown
 6:01:39 C:\Program Files (x86)\Steam\steamapps\common\Arma 3 Server\@allinarmaterrainpack\addons\utes_c.pbo - unknown
 6:01:39 C:\Program Files (x86)\Steam\steamapps\common\Arma 3 Server\@allinarmaterrainpack\addons\zargabad.pbo - unknown
 6:01:39 C:\Program Files (x86)\Steam\steamapps\common\Arma 3 Server\@allinarmaterrainpack\addons\zargabad_c.pbo - unknown
 6:01:39 C:\Program Files (x86)\Steam\steamapps\common\Arma 3 Server\@CRFT compiled mod pack\addons\45ko_so_equipment.pbo - unknown
 6:01:39 C:\Program Files (x86)\Steam\steamapps\common\Arma 3 Server\@CRFT compiled mod pack\addons\45ko_so_equipment_bluf.pbo - unknown
 6:01:39 C:\Program Files (x86)\Steam\steamapps\common\Arma 3 Server\@CRFT compiled mod pack\addons\45ko_so_equipment_hvest.pbo - unknown
 6:01:39 C:\Program Files (x86)\Steam\steamapps\common\Arma 3 Server\@CRFT compiled mod pack\addons\a3l_atom.pbo - unknown
 6:01:39 C:\Program Files (x86)\Steam\steamapps\common\Arma 3 Server\@CRFT compiled mod pack\addons\a3l_f350.pbo - unknown
 6:01:39 C:\Program Files (x86)\Steam\steamapps\common\Arma 3 Server\@CRFT compiled mod pack\addons\a3l_ships.pbo - unknown
 6:01:39 C:\Program Files (x86)\Steam\steamapps\common\Arma 3 Server\@CRFT compiled mod pack\addons\armscor_a109.pbo - unknown
 6:01:39 C:\Program Files (x86)\Steam\steamapps\common\Arma 3 Server\@CRFT compiled mod pack\addons\ascz_additional_content.pbo - unknown
 6:01:39 C:\Program Files (x86)\Steam\steamapps\common\Arma 3 Server\@CRFT compiled mod pack\addons\ascz_missing_content.pbo - unknown
 6:01:39 C:\Program Files (x86)\Steam\steamapps\common\Arma 3 Server\@CRFT compiled mod pack\addons\b737.pbo - unknown
 6:01:39 C:\Program Files (x86)\Steam\steamapps\common\Arma 3 Server\@CRFT compiled mod pack\addons\b747.pbo - unknown
 6:01:39 C:\Program Files (x86)\Steam\steamapps\common\Arma 3 Server\@CRFT compiled mod pack\addons\balaclava.pbo - unknown
 6:01:39 C:\Program Files (x86)\Steam\steamapps\common\Arma 3 Server\@CRFT compiled mod pack\addons\burnes_lcac.pbo - unknown
 6:01:39 C:\Program Files (x86)\Steam\steamapps\common\Arma 3 Server\@CRFT compiled mod pack\addons\burnes_mk10.pbo - unknown
 6:01:39 C:\Program Files (x86)\Steam\steamapps\common\Arma 3 Server\@CRFT compiled mod pack\addons\bwi_a3_t6.pbo - unknown
 6:01:39 C:\Program Files (x86)\Steam\steamapps\common\Arma 3 Server\@CRFT compiled mod pack\addons\cba_ai.pbo - 004
 6:01:39 C:\Program Files (x86)\Steam\steamapps\common\Arma 3 Server\@CRFT compiled mod pack\addons\cba_arrays.pbo - 003
 6:01:39 C:\Program Files (x86)\Steam\steamapps\common\Arma 3 Server\@CRFT compiled mod pack\addons\cba_common.pbo - 018
 6:01:39 C:\Program Files (x86)\Steam\steamapps\common\Arma 3 Server\@CRFT compiled mod pack\addons\cba_diagnostic.pbo - 008
 6:01:39 C:\Program Files (x86)\Steam\steamapps\common\Arma 3 Server\@CRFT compiled mod pack\addons\cba_events.pbo - 006
 6:01:39 C:\Program Files (x86)\Steam\steamapps\common\Arma 3 Server\@CRFT compiled mod pack\addons\cba_extended_eventhandlers.pbo - 003
 6:01:39 C:\Program Files (x86)\Steam\steamapps\common\Arma 3 Server\@CRFT compiled mod pack\addons\cba_hashes.pbo - 004
 6:01:39 C:\Program Files (x86)\Steam\steamapps\common\Arma 3 Server\@CRFT compiled mod pack\addons\cba_help.pbo - 004
 6:01:39 C:\Program Files (x86)\Steam\steamapps\common\Arma 3 Server\@CRFT compiled mod pack\addons\cba_keybinding.pbo - 018
 6:01:39 C:\Program Files (x86)\Steam\steamapps\common\Arma 3 Server\@CRFT compiled mod pack\addons\cba_main.pbo - 020
 6:01:39 C:\Program Files (x86)\Steam\steamapps\common\Arma 3 Server\@CRFT compiled mod pack\addons\cba_main_a3.pbo - 002
 6:01:39 C:\Program Files (x86)\Steam\steamapps\common\Arma 3 Server\@CRFT compiled mod pack\addons\cba_network.pbo - 013
 6:01:39 C:\Program Files (x86)\Steam\steamapps\common\Arma 3 Server\@CRFT compiled mod pack\addons\cba_strings.pbo - 007
 6:01:39 C:\Program Files (x86)\Steam\steamapps\common\Arma 3 Server\@CRFT compiled mod pack\addons\cba_ui.pbo - 018
 6:01:39 C:\Program Files (x86)\Steam\steamapps\common\Arma 3 Server\@CRFT compiled mod pack\addons\cba_ui_helper.pbo - 002
 6:01:39 C:\Program Files (x86)\Steam\steamapps\common\Arma 3 Server\@CRFT compiled mod pack\addons\cba_vectors.pbo - 002
 6:01:39 C:\Program Files (x86)\Steam\steamapps\common\Arma 3 Server\@CRFT compiled mod pack\addons\cba_versioning.pbo - 002
 6:01:39 C:\Program Files (x86)\Steam\steamapps\common\Arma 3 Server\@CRFT compiled mod pack\addons\cba_xeh.pbo - 021
 6:01:39 C:\Program Files (x86)\Steam\steamapps\common\Arma 3 Server\@CRFT compiled mod pack\addons\cba_xeh_a3.pbo - 023
 6:01:39 C:\Program Files (x86)\Steam\steamapps\common\Arma 3 Server\@CRFT compiled mod pack\addons\cg_aventador.pbo - unknown
 6:01:39 C:\Program Files (x86)\Steam\steamapps\common\Arma 3 Server\@CRFT compiled mod pack\addons\crft_uniforms.pbo - unknown
 6:01:39 C:\Program Files (x86)\Steam\steamapps\common\Arma 3 Server\@CRFT compiled mod pack\addons\cup_airvehicles_ch53e.pbo - unknown
 6:01:39 C:\Program Files (x86)\Steam\steamapps\common\Arma 3 Server\@CRFT compiled mod pack\addons\cup_airvehicles_core.pbo - unknown
 6:01:39 C:\Program Files (x86)\Steam\steamapps\common\Arma 3 Server\@CRFT compiled mod pack\addons\d41_trawler.pbo - unknown
 6:01:39 C:\Program Files (x86)\Steam\steamapps\common\Arma 3 Server\@CRFT compiled mod pack\addons\dar_hmmwv.pbo - unknown
 6:01:39 C:\Program Files (x86)\Steam\steamapps\common\Arma 3 Server\@CRFT compiled mod pack\addons\dar_mtvr.pbo - unknown
 6:01:39 C:\Program Files (x86)\Steam\steamapps\common\Arma 3 Server\@CRFT compiled mod pack\addons\ddopp_taserpack.pbo - unknown
 6:01:39 C:\Program Files (x86)\Steam\steamapps\common\Arma 3 Server\@CRFT compiled mod pack\addons\dezkit_b206.pbo - unknown
 6:01:39 C:\Program Files (x86)\Steam\steamapps\common\Arma 3 Server\@CRFT compiled mod pack\addons\dll_tow.pbo - unknown
 6:01:39 C:\Program Files (x86)\Steam\steamapps\common\Arma 3 Server\@CRFT compiled mod pack\addons\essgoggles.pbo - unknown
 6:01:39 C:\Program Files (x86)\Steam\steamapps\common\Arma 3 Server\@CRFT compiled mod pack\addons\full_nvg.pbo - unknown
 6:01:39 C:\Program Files (x86)\Steam\steamapps\common\Arma 3 Server\@CRFT compiled mod pack\addons\gasmask.pbo - unknown
 6:01:39 C:\Program Files (x86)\Steam\steamapps\common\Arma 3 Server\@CRFT compiled mod pack\addons\gnt_c185.pbo - unknown
 6:01:39 C:\Program Files (x86)\Steam\steamapps\common\Arma 3 Server\@CRFT compiled mod pack\addons\gnt_fsf.pbo - unknown
 6:01:39 C:\Program Files (x86)\Steam\steamapps\common\Arma 3 Server\@CRFT compiled mod pack\addons\hafm_ec635.pbo - unknown
 6:01:39 C:\Program Files (x86)\Steam\steamapps\common\Arma 3 Server\@CRFT compiled mod pack\addons\hafm_ec635_config.pbo - unknown
 6:01:39 C:\Program Files (x86)\Steam\steamapps\common\Arma 3 Server\@CRFT compiled mod pack\addons\helipad.pbo - unknown
 6:01:39 C:\Program Files (x86)\Steam\steamapps\common\Arma 3 Server\@CRFT compiled mod pack\addons\hrp.pbo - unknown
 6:01:39 C:\Program Files (x86)\Steam\steamapps\common\Arma 3 Server\@CRFT compiled mod pack\addons\inidbi.pbo - unknown
 6:01:39 C:\Program Files (x86)\Steam\steamapps\common\Arma 3 Server\@CRFT compiled mod pack\addons\ivory_crj200.pbo - unknown
 6:01:39 C:\Program Files (x86)\Steam\steamapps\common\Arma 3 Server\@CRFT compiled mod pack\addons\ivory_erj135.pbo - unknown
 6:01:39 C:\Program Files (x86)\Steam\steamapps\common\Arma 3 Server\@CRFT compiled mod pack\addons\kio_balaclava.pbo - unknown
 6:01:39 C:\Program Files (x86)\Steam\steamapps\common\Arma 3 Server\@CRFT compiled mod pack\addons\ldl_ac130.pbo - unknown
 6:01:39 C:\Program Files (x86)\Steam\steamapps\common\Arma 3 Server\@CRFT compiled mod pack\addons\m50gasmask.pbo - unknown
 6:01:39 C:\Program Files (x86)\Steam\steamapps\common\Arma 3 Server\@CRFT compiled mod pack\addons\mas_nw_rifle.pbo - unknown
 6:01:39 C:\Program Files (x86)\Steam\steamapps\common\Arma 3 Server\@CRFT compiled mod pack\addons\mas_ru_rifle.pbo - unknown
 6:01:39 C:\Program Files (x86)\Steam\steamapps\common\Arma 3 Server\@CRFT compiled mod pack\addons\mas_us_rifle.pbo - unknown
 6:01:39 C:\Program Files (x86)\Steam\steamapps\common\Arma 3 Server\@CRFT compiled mod pack\addons\mas_us_rifle_c.pbo - unknown
 6:01:39 C:\Program Files (x86)\Steam\steamapps\common\Arma 3 Server\@CRFT compiled mod pack\addons\neckloose.pbo - unknown
 6:01:39 C:\Program Files (x86)\Steam\steamapps\common\Arma 3 Server\@CRFT compiled mod pack\addons\necktight.pbo - unknown
 6:01:39 C:\Program Files (x86)\Steam\steamapps\common\Arma 3 Server\@CRFT compiled mod pack\addons\nzf_mcu.pbo - unknown
 6:01:39 C:\Program Files (x86)\Steam\steamapps\common\Arma 3 Server\@CRFT compiled mod pack\addons\pa_veh_actions.pbo - unknown
 6:01:39 C:\Program Files (x86)\Steam\steamapps\common\Arma 3 Server\@CRFT compiled mod pack\addons\pg_services_cup.pbo - unknown
 6:01:39 C:\Program Files (x86)\Steam\steamapps\common\Arma 3 Server\@CRFT compiled mod pack\addons\pg_services_ericj.pbo - unknown
 6:01:39 C:\Program Files (x86)\Steam\steamapps\common\Arma 3 Server\@CRFT compiled mod pack\addons\pg_services_hlc.pbo - unknown
 6:01:39 C:\Program Files (x86)\Steam\steamapps\common\Arma 3 Server\@CRFT compiled mod pack\addons\pg_services_mas.pbo - unknown
 6:01:39 C:\Program Files (x86)\Steam\steamapps\common\Arma 3 Server\@CRFT compiled mod pack\addons\pg_services_pmc.pbo - unknown
 6:01:39 C:\Program Files (x86)\Steam\steamapps\common\Arma 3 Server\@CRFT compiled mod pack\addons\pg_services_pmc_config.pbo - unknown
 6:01:39 C:\Program Files (x86)\Steam\steamapps\common\Arma 3 Server\@CRFT compiled mod pack\addons\pg_services_pmc_patches.pbo - unknown
 6:01:39 C:\Program Files (x86)\Steam\steamapps\common\Arma 3 Server\@CRFT compiled mod pack\addons\pg_services_pmc_weapons.pbo - unknown
 6:01:39 C:\Program Files (x86)\Steam\steamapps\common\Arma 3 Server\@CRFT compiled mod pack\addons\pulledup.pbo - unknown
 6:01:39 C:\Program Files (x86)\Steam\steamapps\common\Arma 3 Server\@CRFT compiled mod pack\addons\sab_c130.pbo - unknown
 6:01:39 C:\Program Files (x86)\Steam\steamapps\common\Arma 3 Server\@CRFT compiled mod pack\addons\sasshemagh.pbo - unknown
 6:01:39 C:\Program Files (x86)\Steam\steamapps\common\Arma 3 Server\@CRFT compiled mod pack\addons\shemagh.pbo - unknown
 6:01:39 C:\Program Files (x86)\Steam\steamapps\common\Arma 3 Server\@CRFT compiled mod pack\addons\shemaghs.pbo - unknown
 6:01:39 C:\Program Files (x86)\Steam\steamapps\common\Arma 3 Server\@CRFT compiled mod pack\addons\s_mclarenp1.pbo - unknown
 6:01:39 C:\Program Files (x86)\Steam\steamapps\common\Arma 3 Server\@CRFT compiled mod pack\addons\s_porschers.pbo - unknown
 6:01:39 C:\Program Files (x86)\Steam\steamapps\common\Arma 3 Server\@CRFT compiled mod pack\addons\s_vantage.pbo - unknown
 6:01:39 C:\Program Files (x86)\Steam\steamapps\common\Arma 3 Server\@CRFT compiled mod pack\addons\tacticalhoodg.pbo - unknown
 6:01:39 C:\Program Files (x86)\Steam\steamapps\common\Arma 3 Server\@CRFT compiled mod pack\addons\tryk_backpack.pbo - unknown
 6:01:39 C:\Program Files (x86)\Steam\steamapps\common\Arma 3 Server\@CRFT compiled mod pack\addons\tryk_uniforms.pbo - unknown
 6:01:39 C:\Program Files (x86)\Steam\steamapps\common\Arma 3 Server\@CRFT compiled mod pack\addons\tryk_unit.pbo - unknown
 6:01:39 C:\Program Files (x86)\Steam\steamapps\common\Arma 3 Server\@CRFT compiled mod pack\addons\usaf_a10.pbo - unknown
 6:01:39 C:\Program Files (x86)\Steam\steamapps\common\Arma 3 Server\@CRFT compiled mod pack\addons\usaf_ac130u.pbo - unknown
 6:01:39 C:\Program Files (x86)\Steam\steamapps\common\Arma 3 Server\@CRFT compiled mod pack\addons\usaf_b1b.pbo - unknown
 6:01:39 C:\Program Files (x86)\Steam\steamapps\common\Arma 3 Server\@CRFT compiled mod pack\addons\usaf_b2.pbo - unknown
 6:01:39 C:\Program Files (x86)\Steam\steamapps\common\Arma 3 Server\@CRFT compiled mod pack\addons\usaf_c17.pbo - unknown
 6:01:39 C:\Program Files (x86)\Steam\steamapps\common\Arma 3 Server\@CRFT compiled mod pack\addons\usaf_c5.pbo - unknown
 6:01:39 C:\Program Files (x86)\Steam\steamapps\common\Arma 3 Server\@CRFT compiled mod pack\addons\usaf_cv22.pbo - unknown
 6:01:39 C:\Program Files (x86)\Steam\steamapps\common\Arma 3 Server\@CRFT compiled mod pack\addons\usaf_cv22idws.pbo - unknown
 6:01:39 C:\Program Files (x86)\Steam\steamapps\common\Arma 3 Server\@CRFT compiled mod pack\addons\usaf_e3.pbo - unknown
 6:01:39 C:\Program Files (x86)\Steam\steamapps\common\Arma 3 Server\@CRFT compiled mod pack\addons\usaf_f16.pbo - unknown
 6:01:39 C:\Program Files (x86)\Steam\steamapps\common\Arma 3 Server\@CRFT compiled mod pack\addons\usaf_f22.pbo - unknown
 6:01:39 C:\Program Files (x86)\Steam\steamapps\common\Arma 3 Server\@CRFT compiled mod pack\addons\usaf_f35a.pbo - unknown
 6:01:39 C:\Program Files (x86)\Steam\steamapps\common\Arma 3 Server\@CRFT compiled mod pack\addons\usaf_hh60g.pbo - unknown
 6:01:39 C:\Program Files (x86)\Steam\steamapps\common\Arma 3 Server\@CRFT compiled mod pack\addons\usaf_kc135.pbo - unknown
 6:01:39 C:\Program Files (x86)\Steam\steamapps\common\Arma 3 Server\@CRFT compiled mod pack\addons\usaf_mc130.pbo - unknown
 6:01:39 C:\Program Files (x86)\Steam\steamapps\common\Arma 3 Server\@CRFT compiled mod pack\addons\usaf_missilebox.pbo - unknown
 6:01:39 C:\Program Files (x86)\Steam\steamapps\common\Arma 3 Server\@CRFT compiled mod pack\addons\vdo_gear.pbo - unknown
 6:01:39 C:\Program Files (x86)\Steam\steamapps\common\Arma 3 Server\@CRFT compiled mod pack\addons\vdo_patches.pbo - unknown
 6:01:39 C:\Program Files (x86)\Steam\steamapps\common\Arma 3 Server\@CRFT compiled mod pack\addons\xcam.pbo - unknown
 6:01:39 C:\Program Files (x86)\Steam\steamapps\common\Arma 3 Server\@CRFT compiled mod pack\addons\xcam_eu.pbo - unknown
 6:01:39 C:\Program Files (x86)\Steam\steamapps\common\Arma 3 Server\@CRFT compiled mod pack\addons\xeno_taru_pod_mod.pbo - unknown
 6:01:39 C:\Program Files (x86)\Steam\steamapps\common\Arma 3 Server\@CRFT compiled mod pack\addons\zabb.pbo - unknown
 6:01:39 C:\Program Files (x86)\Steam\steamapps\common\Arma 3 Server\@CRFT compiled mod pack\addons\zabb2.pbo - unknown
 6:01:39 C:\Program Files (x86)\Steam\steamapps\common\Arma 3 Server\@CRFT compiled mod pack\addons\zara.pbo - unknown
 6:01:39 C:\Program Files (x86)\Steam\steamapps\common\Arma 3 Server\mark\addons\anims_f_mark.ebo - 83739
 6:01:39 C:\Program Files (x86)\Steam\steamapps\common\Arma 3 Server\mark\addons\characters_f_mark.ebo - 85641
 6:01:39 C:\Program Files (x86)\Steam\steamapps\common\Arma 3 Server\mark\addons\data_f_mark.ebo - 84958
 6:01:39 C:\Program Files (x86)\Steam\steamapps\common\Arma 3 Server\mark\addons\dubbing_f_mark.ebo - 81923
 6:01:39 C:\Program Files (x86)\Steam\steamapps\common\Arma 3 Server\mark\addons\dubbing_f_mp_mark.ebo - 81923
 6:01:39 C:\Program Files (x86)\Steam\steamapps\common\Arma 3 Server\mark\addons\functions_f_mark.ebo - 84594
 6:01:39 C:\Program Files (x86)\Steam\steamapps\common\Arma 3 Server\mark\addons\functions_f_mp_mark.ebo - 85875
 6:01:39 C:\Program Files (x86)\Steam\steamapps\common\Arma 3 Server\mark\addons\languagemissions_f_mark.ebo - 86295
 6:01:39 C:\Program Files (x86)\Steam\steamapps\common\Arma 3 Server\mark\addons\languagemissions_f_mp_mark.ebo - 86295
 6:01:39 C:\Program Files (x86)\Steam\steamapps\common\Arma 3 Server\mark\addons\language_f_mark.ebo - 86295
 6:01:39 C:\Program Files (x86)\Steam\steamapps\common\Arma 3 Server\mark\addons\language_f_mp_mark.ebo - 86295
 6:01:39 C:\Program Files (x86)\Steam\steamapps\common\Arma 3 Server\mark\addons\missions_f_mark.ebo - 84276
 6:01:39 C:\Program Files (x86)\Steam\steamapps\common\Arma 3 Server\mark\addons\missions_f_mark_data.ebo - 83115
 6:01:39 C:\Program Files (x86)\Steam\steamapps\common\Arma 3 Server\mark\addons\missions_f_mark_video.ebo - 81429
 6:01:39 C:\Program Files (x86)\Steam\steamapps\common\Arma 3 Server\mark\addons\missions_f_mp_mark.ebo - 85408
 6:01:39 C:\Program Files (x86)\Steam\steamapps\common\Arma 3 Server\mark\addons\missions_f_mp_mark_data.ebo - 81558
 6:01:39 C:\Program Files (x86)\Steam\steamapps\common\Arma 3 Server\mark\addons\modules_f_mark.ebo - 81710
 6:01:39 C:\Program Files (x86)\Steam\steamapps\common\Arma 3 Server\mark\addons\modules_f_mp_mark.ebo - 85577
 6:01:39 C:\Program Files (x86)\Steam\steamapps\common\Arma 3 Server\mark\addons\music_f_mark.ebo - 81958
 6:01:39 C:\Program Files (x86)\Steam\steamapps\common\Arma 3 Server\mark\addons\music_f_mark_music.ebo - 81930
 6:01:39 C:\Program Files (x86)\Steam\steamapps\common\Arma 3 Server\mark\addons\sounds_f_mark.ebo - 83408
 6:01:39 C:\Program Files (x86)\Steam\steamapps\common\Arma 3 Server\mark\addons\static_f_mark.ebo - 84104
 6:01:39 C:\Program Files (x86)\Steam\steamapps\common\Arma 3 Server\mark\addons\structures_f_mark.ebo - 85075
 6:01:39 C:\Program Files (x86)\Steam\steamapps\common\Arma 3 Server\mark\addons\supplies_f_mark.ebo - 79552
 6:01:39 C:\Program Files (x86)\Steam\steamapps\common\Arma 3 Server\mark\addons\ui_f_mark.ebo - 84397
 6:01:39 C:\Program Files (x86)\Steam\steamapps\common\Arma 3 Server\mark\addons\ui_f_mp_mark.ebo - 85197
 6:01:39 C:\Program Files (x86)\Steam\steamapps\common\Arma 3 Server\mark\addons\weapons_f_mark.ebo - 86051
 6:01:39 C:\Program Files (x86)\Steam\steamapps\common\Arma 3 Server\kart\addons\anims_f_kart.pbo - 80475
 6:01:39 C:\Program Files (x86)\Steam\steamapps\common\Arma 3 Server\kart\addons\characters_f_kart.pbo - 85651
 6:01:39 C:\Program Files (x86)\Steam\steamapps\common\Arma 3 Server\kart\addons\data_f_kart.pbo - 84958
 6:01:39 C:\Program Files (x86)\Steam\steamapps\common\Arma 3 Server\kart\addons\languagemissions_f_kart.pbo - 86295
 6:01:39 C:\Program Files (x86)\Steam\steamapps\common\Arma 3 Server\kart\addons\language_f_kart.pbo - 86295
 6:01:39 C:\Program Files (x86)\Steam\steamapps\common\Arma 3 Server\kart\addons\missions_f_kart.pbo - 84471
 6:01:39 C:\Program Files (x86)\Steam\steamapps\common\Arma 3 Server\kart\addons\missions_f_kart_data.pbo - 75687
 6:01:39 C:\Program Files (x86)\Steam\steamapps\common\Arma 3 Server\kart\addons\modules_f_kart.pbo - 86208
 6:01:39 C:\Program Files (x86)\Steam\steamapps\common\Arma 3 Server\kart\addons\modules_f_kart_data.pbo - 74588
 6:01:39 C:\Program Files (x86)\Steam\steamapps\common\Arma 3 Server\kart\addons\soft_f_kart.pbo - 85476
 6:01:39 C:\Program Files (x86)\Steam\steamapps\common\Arma 3 Server\kart\addons\sounds_f_kart.pbo - 79398
 6:01:39 C:\Program Files (x86)\Steam\steamapps\common\Arma 3 Server\kart\addons\structures_f_kart.pbo - 85075
 6:01:39 C:\Program Files (x86)\Steam\steamapps\common\Arma 3 Server\kart\addons\ui_f_kart.pbo - 73106
 6:01:39 C:\Program Files (x86)\Steam\steamapps\common\Arma 3 Server\kart\addons\weapons_f_kart.pbo - 83573
 6:01:39 C:\Program Files (x86)\Steam\steamapps\common\Arma 3 Server\heli\addons\air_f_heli.pbo - 85752
 6:01:39 C:\Program Files (x86)\Steam\steamapps\common\Arma 3 Server\heli\addons\anims_f_heli.pbo - 80475
 6:01:39 C:\Program Files (x86)\Steam\steamapps\common\Arma 3 Server\heli\addons\boat_f_heli.pbo - 82564
 6:01:39 C:\Program Files (x86)\Steam\steamapps\common\Arma 3 Server\heli\addons\cargoposes_f_heli.pbo - 84953
 6:01:39 C:\Program Files (x86)\Steam\steamapps\common\Arma 3 Server\heli\addons\data_f_heli.pbo - 80757
 6:01:39 C:\Program Files (x86)\Steam\steamapps\common\Arma 3 Server\heli\addons\dubbing_f_heli.pbo - 75138
 6:01:39 C:\Program Files (x86)\Steam\steamapps\common\Arma 3 Server\heli\addons\functions_f_heli.pbo - 84398
 6:01:39 C:\Program Files (x86)\Steam\steamapps\common\Arma 3 Server\heli\addons\languagemissions_f_heli.pbo - 86295
 6:01:39 C:\Program Files (x86)\Steam\steamapps\common\Arma 3 Server\heli\addons\language_f_heli.pbo - 86295
 6:01:39 C:\Program Files (x86)\Steam\steamapps\common\Arma 3 Server\heli\addons\missions_f_heli.pbo - 84471
 6:01:39 C:\Program Files (x86)\Steam\steamapps\common\Arma 3 Server\heli\addons\missions_f_heli_data.pbo - 75977
 6:01:39 C:\Program Files (x86)\Steam\steamapps\common\Arma 3 Server\heli\addons\missions_f_heli_video.pbo - 75065
 6:01:39 C:\Program Files (x86)\Steam\steamapps\common\Arma 3 Server\heli\addons\modules_f_heli.pbo - 84211
 6:01:39 C:\Program Files (x86)\Steam\steamapps\common\Arma 3 Server\heli\addons\music_f_heli.pbo - 76012
 6:01:39 C:\Program Files (x86)\Steam\steamapps\common\Arma 3 Server\heli\addons\music_f_heli_music.pbo - 76012
 6:01:39 C:\Program Files (x86)\Steam\steamapps\common\Arma 3 Server\heli\addons\soft_f_heli.pbo - 82564
 6:01:39 C:\Program Files (x86)\Steam\steamapps\common\Arma 3 Server\heli\addons\sounds_f_heli.pbo - 79398
 6:01:39 C:\Program Files (x86)\Steam\steamapps\common\Arma 3 Server\heli\addons\structures_f_heli.pbo - 85075
 6:01:39 C:\Program Files (x86)\Steam\steamapps\common\Arma 3 Server\heli\addons\supplies_f_heli.pbo - 84559
 6:01:39 C:\Program Files (x86)\Steam\steamapps\common\Arma 3 Server\heli\addons\ui_f_heli.pbo - 76986
 6:01:39 C:\Program Files (x86)\Steam\steamapps\common\Arma 3 Server\curator\addons\data_f_curator.pbo - 84958
 6:01:39 C:\Program Files (x86)\Steam\steamapps\common\Arma 3 Server\curator\addons\functions_f_curator.pbo - 85514
 6:01:39 C:\Program Files (x86)\Steam\steamapps\common\Arma 3 Server\curator\addons\language_f_curator.pbo - 86295
 6:01:39 C:\Program Files (x86)\Steam\steamapps\common\Arma 3 Server\curator\addons\missions_f_curator.pbo - 84999
 6:01:39 C:\Program Files (x86)\Steam\steamapps\common\Arma 3 Server\curator\addons\modules_f_curator.pbo - 86131
 6:01:39 C:\Program Files (x86)\Steam\steamapps\common\Arma 3 Server\curator\addons\ui_f_curator.pbo - 85573
 6:01:39 C:\Program Files (x86)\Steam\steamapps\common\Arma 3 Server\@life_server\addons\life_server.pbo - unknown
 6:01:39 addons\a3.pbo - unknown
 6:01:39 addons\air_f.pbo - 85882
 6:01:39 addons\air_f_beta.pbo - 85523
 6:01:39 addons\air_f_epb.pbo - 85592
 6:01:39 addons\air_f_epc.pbo - 85583
 6:01:39 addons\air_f_gamma.pbo - 82564
 6:01:39 addons\animals_f.pbo - 86114
 6:01:39 addons\animals_f_beta.pbo - 85786
 6:01:39 addons\anims_f.pbo - 85695
 6:01:39 addons\anims_f_bootcamp.pbo - 72362
 6:01:39 addons\anims_f_data.pbo - 85891
 6:01:39 addons\anims_f_epa.pbo - 78608
 6:01:39 addons\anims_f_epc.pbo - 72362
 6:01:39 addons\armor_f.pbo - 82564
 6:01:39 addons\armor_f_beta.pbo - 86110
 6:01:39 addons\armor_f_epb.pbo - 86110
 6:01:39 addons\armor_f_epc.pbo - 84514
 6:01:39 addons\armor_f_gamma.pbo - 86121
 6:01:39 addons\boat_f.pbo - 85687
 6:01:39 addons\boat_f_beta.pbo - 83805
 6:01:39 addons\boat_f_epc.pbo - 82564
 6:01:39 addons\boat_f_gamma.pbo - 85687
 6:01:39 addons\cargoposes_f.pbo - 86243
 6:01:39 addons\characters_f.pbo - 85752
 6:01:39 addons\characters_f_beta.pbo - 83936
 6:01:39 addons\characters_f_bootcamp.pbo - 85823
 6:01:39 addons\characters_f_epa.pbo - 83523
 6:01:39 addons\characters_f_epb.pbo - 85686
 6:01:39 addons\characters_f_epc.pbo - 84064
 6:01:39 addons\characters_f_gamma.pbo - 85675
 6:01:39 addons\data_f.pbo - 85517
 6:01:39 addons\data_f_bootcamp.pbo - 76960
 6:01:39 addons\data_f_exp_b.pbo - 86189
 6:01:39 addons\drones_f.pbo - 85481
 6:01:39 addons\dubbing_f.pbo - 73106
 6:01:39 addons\dubbing_f_beta.pbo - 73106
 6:01:39 addons\dubbing_f_bootcamp.pbo - 73106
 6:01:39 addons\dubbing_f_epa.pbo - 73106
 6:01:39 addons\dubbing_f_epb.pbo - 76110
 6:01:39 addons\dubbing_f_epc.pbo - 73106
 6:01:39 addons\dubbing_f_gamma.pbo - 73106
 6:01:39 addons\dubbing_radio_f.pbo - 78704
 6:01:39 addons\dubbing_radio_f_data.pbo - 78762
 6:01:39 addons\editor_f.pbo - 82563
 6:01:39 addons\functions_f.pbo - 85893
 6:01:39 addons\functions_f_bootcamp.pbo - 85813
 6:01:39 addons\functions_f_epa.pbo - 84402
 6:01:39 addons\functions_f_epc.pbo - 84400
 6:01:39 addons\languagemissions_f.pbo - 86295
 6:01:39 addons\languagemissions_f_beta.pbo - 86295
 6:01:39 addons\languagemissions_f_bootcamp.pbo - 86295
 6:01:39 addons\languagemissions_f_epa.pbo - 86295
 6:01:39 addons\languagemissions_f_epb.pbo - 86295
 6:01:39 addons\languagemissions_f_epc.pbo - 86295
 6:01:39 addons\languagemissions_f_gamma.pbo - 86295
 6:01:39 addons\language_f.pbo - 86295
 6:01:39 addons\language_f_beta.pbo - 86295
 6:01:39 addons\language_f_bootcamp.pbo - 86295
 6:01:39 addons\language_f_epa.pbo - 86295
 6:01:39 addons\language_f_epb.pbo - 86295
 6:01:39 addons\language_f_epc.pbo - 86295
 6:01:39 addons\language_f_gamma.pbo - 86295
 6:01:39 addons\map_altis.pbo - 85518
 6:01:39 addons\map_altis_data.pbo - 80737
 6:01:39 addons\map_altis_data_layers.pbo - 79087
 6:01:39 addons\map_altis_data_layers_00_00.pbo - 79087
 6:01:39 addons\map_altis_data_layers_00_01.pbo - 79087
 6:01:39 addons\map_altis_data_layers_01_00.pbo - 79087
 6:01:39 addons\map_altis_data_layers_01_01.pbo - 79087
 6:01:39 addons\map_altis_scenes_f.pbo - 73106
 6:01:39 addons\map_data.pbo - 81846
 6:01:39 addons\map_stratis.pbo - 85518
 6:01:39 addons\map_stratis_data.pbo - 80737
 6:01:39 addons\map_stratis_data_layers.pbo - 79082
 6:01:39 addons\map_stratis_scenes_f.pbo - 73106
 6:01:39 addons\map_vr.pbo - 82252
 6:01:39 addons\map_vr_scenes_f.pbo - 82252
 6:01:39 addons\misc_f.pbo - 85025
 6:01:39 addons\missions_f.pbo - 78843
 6:01:39 addons\missions_f_beta.pbo - 85797
 6:01:39 addons\missions_f_beta_data.pbo - 85005
 6:01:39 addons\missions_f_beta_video.pbo - 73106
 6:01:39 addons\missions_f_bootcamp.pbo - 85123
 6:01:39 addons\missions_f_bootcamp_data.pbo - 72362
 6:01:39 addons\missions_f_bootcamp_video.pbo - 75065
 6:01:39 addons\missions_f_data.pbo - 73106
 6:01:39 addons\missions_f_epa.pbo - 86144
 6:01:39 addons\missions_f_epa_data.pbo - 73106
 6:01:39 addons\missions_f_epa_video.pbo - 73106
 6:01:39 addons\missions_f_epb.pbo - 84766
 6:01:39 addons\missions_f_epb_data.pbo - 73106
 6:01:39 addons\missions_f_epb_video.pbo - 73106
 6:01:39 addons\missions_f_epc.pbo - 85362
 6:01:39 addons\missions_f_epc_data.pbo - 84724
 6:01:39 addons\missions_f_epc_video.pbo - 84725
 6:01:39 addons\missions_f_gamma.pbo - 85758
 6:01:39 addons\missions_f_gamma_data.pbo - 85763
 6:01:39 addons\missions_f_gamma_video.pbo - 73106
 6:01:39 addons\missions_f_video.pbo - 73106
 6:01:39 addons\modules_f.pbo - 85552
 6:01:39 addons\modules_f_beta.pbo - 84471
 6:01:39 addons\modules_f_beta_data.pbo - 80976
 6:01:39 addons\modules_f_bootcamp.pbo - 79398
 6:01:39 addons\modules_f_data.pbo - 85167
 6:01:39 addons\modules_f_epb.pbo - 79398
 6:01:39 addons\music_f.pbo - 73106
 6:01:39 addons\music_f_bootcamp.pbo - 73106
 6:01:39 addons\music_f_bootcamp_music.pbo - 73106
 6:01:39 addons\music_f_epa.pbo - 73106
 6:01:39 addons\music_f_epa_music.pbo - 73106
 6:01:39 addons\music_f_epb.pbo - 73106
 6:01:39 addons\music_f_epb_music.pbo - 73106
 6:01:39 addons\music_f_epc.pbo - 84723
 6:01:39 addons\music_f_epc_music.pbo - 73106
 6:01:39 addons\music_f_music.pbo - 73106
 6:01:39 addons\plants_f.pbo - 85827
 6:01:39 addons\roads_f.pbo - 82537
 6:01:39 addons\rocks_f.pbo - 84519
 6:01:39 addons\signs_f.pbo - 82967
 6:01:39 addons\soft_f.pbo - 85752
 6:01:39 addons\soft_f_beta.pbo - 85752
 6:01:39 addons\soft_f_bootcamp.pbo - 85752
 6:01:39 addons\soft_f_epc.pbo - 85340
 6:01:39 addons\soft_f_gamma.pbo - 86082
 6:01:39 addons\sounds_f.pbo - 85493
 6:01:39 addons\sounds_f_bootcamp.pbo - 82576
 6:01:39 addons\sounds_f_epb.pbo - 79398
 6:01:39 addons\sounds_f_epc.pbo - 79398
 6:01:39 addons\sounds_f_vehicles.pbo - 85560
 6:01:39 addons\sounds_f_weapons.pbo - 84865
 6:01:39 addons\static_f.pbo - 85125
 6:01:39 addons\static_f_beta.pbo - 79398
 6:01:39 addons\static_f_gamma.pbo - 82090
 6:01:39 addons\structures_f.pbo - 86067
 6:01:39 addons\structures_f_bootcamp.pbo - 85075
 6:01:39 addons\structures_f_data.pbo - 85075
 6:01:39 addons\structures_f_epa.pbo - 85075
 6:01:39 addons\structures_f_epb.pbo - 85075
 6:01:39 addons\structures_f_epc.pbo - 85252
 6:01:39 addons\structures_f_households.pbo - 86055
 6:01:39 addons\structures_f_ind.pbo - 85517
 6:01:39 addons\structures_f_mil.pbo - 85518
 6:01:39 addons\structures_f_wrecks.pbo - 85075
 6:01:39 addons\uifonts_f.pbo - 73106
 6:01:39 addons\uifonts_f_data.pbo - 73106
 6:01:39 addons\ui_f.pbo - 86227
 6:01:39 addons\ui_f_bootcamp.pbo - 76325
 6:01:39 addons\ui_f_data.pbo - 86227
 6:01:39 addons\weapons_f.pbo - 86125
 6:01:39 addons\weapons_f_beta.pbo - 86067
 6:01:39 addons\weapons_f_bootcamp.pbo - 81923
 6:01:39 addons\weapons_f_epa.pbo - 83667
 6:01:39 addons\weapons_f_epb.pbo - 80958
 6:01:39 addons\weapons_f_epc.pbo - 80374
 6:01:39 addons\weapons_f_gamma.pbo - 83947
 6:01:39 
 6:01:39 =======================
 6:01:39 
 6:01:39 ============================================================================================= List of mods ===============================================================================================
 6:01:39 modsReadOnly = true
 6:01:39 safeModsActivated = false
 6:01:39 customMods = true
 6:01:39 hash = '3F362B1D78D1646F2FABC081506B28315189981B'
 6:01:39 hashShort = '9a9f6310'
 6:01:39                                               name |               modDir |    default |               origin |                                     hash | hashShort | fullPath
 6:01:39 ----------------------------------------------------------------------------------------------------------------------------------------------------------------------------------------------------------
 6:01:39                                    Australia V3.00 |           @Australia |      false |             GAME DIR | 3328c00da6fd299fc3c3552a4621b4ce0794a811 |  1d8f3f03 | C:\Program Files (x86)\Steam\steamapps\common\Arma 3 Server\@Australia
 6:01:39                              @allinarmaterrainpack | @allinarmaterrainpack |      false |             GAME DIR | d0b522ad82b80067e673cd2682c3e150a2f995cf |  8c5d2fd9 | C:\Program Files (x86)\Steam\steamapps\common\Arma 3 Server\@allinarmaterrainpack
 6:01:39                            @CRFT compiled mod pack | @CRFT compiled mod pack |      false |             GAME DIR | 72c814a0526d1679efd7dd30d52aea313fbe7979 |  fe164849 | C:\Program Files (x86)\Steam\steamapps\common\Arma 3 Server\@CRFT compiled mod pack
 6:01:39                                    Arma 3 Marksmen |                 mark |       true |             GAME DIR | 2ac91f318d5175e81ab7482fcf2a7aa8ae82a213 |  e93f1292 | C:\Program Files (x86)\Steam\steamapps\common\Arma 3 Server\mark
 6:01:39                                       Arma 3 Karts |                 kart |       true |             GAME DIR | fde685d8a8f69d3e8c396ba1fd2e5727dc45f1f6 |  79fc1794 | C:\Program Files (x86)\Steam\steamapps\common\Arma 3 Server\kart
 6:01:39                                 Arma 3 Helicopters |                 heli |       true |             GAME DIR | a64ae24a6890d3240dad2baf3773e9240feebe5b |  47357fb6 | C:\Program Files (x86)\Steam\steamapps\common\Arma 3 Server\heli
 6:01:39                                        Arma 3 Zeus |              curator |       true |             GAME DIR | 91164443d7c2b20cfc3826c614a14818171fbcb1 |  22b0ebcb | C:\Program Files (x86)\Steam\steamapps\common\Arma 3 Server\curator
 6:01:39                                       @life_server |         @life_server |      false |             GAME DIR | c6af5b8873a02c19f3eeb76872733691e4fc64dd |  410837e1 | C:\Program Files (x86)\Steam\steamapps\common\Arma 3 Server\@life_server
 6:01:39                                             @extDB |               @extDB |      false |             GAME DIR |                                          |           | C:\Program Files (x86)\Steam\steamapps\common\Arma 3 Server\@extDB
 6:01:39                                  Arma 3 DLC Bundle |            dlcbundle |       true |            NOT FOUND |                                          |           | 
 6:01:39                                             Arma 3 |                   A3 |       true |            NOT FOUND |                                          |           | 
 6:01:39 ==========================================================================================================================================================================================================
 6:01:39 InitSound ...
 6:01:39 InitSound - complete
 6:01:39 PhysX3 SDK Init started ...
 6:01:39 PhysX3 SDK Init ended.
 6:01:43 Attempt to override final function - rscminimap_script
 6:01:43 Attempt to override final function - rscdisplayloading_script
 6:01:43 Attempt to override final function - rscdisplayloading_script
 6:01:43 Attempt to override final function - rscdisplayloading_script
 6:01:43 Attempt to override final function - rscdiary_script
 6:01:43 Attempt to override final function - rscdisplaysinglemission_script
 6:01:43 Attempt to override final function - rscdiary_script
 6:01:43 Attempt to override final function - rscdisplayremotemissions_script
 6:01:43 Attempt to override final function - rscdisplayloading_script
 6:01:43 Attempt to override final function - rscdiary_script
 6:01:43 Attempt to override final function - rscdiary_script
 6:01:43 Attempt to override final function - rscdisplaystrategicmap_script
 6:01:43 Attempt to override final function - rscdisplaycommon_script
 6:01:43 Attempt to override final function - rscdisplayloading_script
 6:01:44 Attempt to override final function - rscdisplaycurator_script
 6:01:44 Attempt to override final function - rscdisplayattributes_script
 6:01:44 Attempt to override final function - rscdisplayattributes_script
 6:01:44 Attempt to override final function - rscdisplayattributes_script
 6:01:44 Attempt to override final function - rscdisplaycommon_script
 6:01:44 Attempt to override final function - rscdisplaydebriefing_script
 6:01:44 Attempt to override final function - rscunitinfo_script
 6:01:44 Attempt to override final function - rscunitinfo_script
 6:01:44 Attempt to override final function - rscunitinfo_script
 6:01:44 Attempt to override final function - rscunitinfo_script
 6:01:44 Attempt to override final function - rscunitinfo_script
 6:01:44 Attempt to override final function - rscunitinfo_script
 6:01:44 Attempt to override final function - rscunitinfo_script
 6:01:44 Attempt to override final function - rscunitinfo_script
 6:01:44 Attempt to override final function - rscunitinfo_script
 6:01:44 Attempt to override final function - rscunitinfo_script
 6:01:44 Attempt to override final function - rscunitinfo_script
 6:01:44 Attempt to override final function - rscunitinfo_script
 6:01:44 Attempt to override final function - rscunitinfo_script
 6:01:44 Attempt to override final function - rscunitinfo_script
 6:01:44 Attempt to override final function - rscunitinfo_script
 6:01:44 Attempt to override final function - rscunitinfo_script
 6:01:44 Attempt to override final function - rscunitinfo_script
 6:01:44 Attempt to override final function - rscunitinfo_script
 6:01:44 Attempt to override final function - rscunitinfo_script
 6:01:44 Attempt to override final function - rscunitinfo_script
 6:01:44 Attempt to override final function - rscunitinfo_script
 6:01:44 Attempt to override final function - rscunitinfo_script
 6:01:44 Attempt to override final function - rscunitinfo_script
 6:01:44 Attempt to override final function - rscunitinfo_script
 6:01:44 Attempt to override final function - rscunitinfo_script
 6:01:44 Attempt to override final function - rscunitinfo_script
 6:01:44 Attempt to override final function - rscunitinfo_script
 6:01:44 Attempt to override final function - rscunitinfo_script
 6:01:44 Attempt to override final function - rscunitinfo_script
 6:01:44 Attempt to override final function - rscunitinfo_script
 6:01:44 Attempt to override final function - rscunitinfo_script
 6:01:44 Attempt to override final function - rscunitinfo_script
 6:01:44 Attempt to override final function - rscunitinfo_script
 6:01:44 Attempt to override final function - rscunitinfo_script
 6:01:44 Attempt to override final function - rscunitinfo_script
 6:01:44 Attempt to override final function - rscunitinfo_script
 6:01:44 Attempt to override final function - rscunitinfo_script
 6:01:44 Attempt to override final function - rscunitinfo_script
 6:01:44 Attempt to override final function - rscunitinfo_script
 6:01:44 Attempt to override final function - rscunitinfo_script
 6:01:44 Attempt to override final function - rscunitinfo_script
 6:01:44 Attempt to override final function - rscunitinfo_script
 6:01:44 Attempt to override final function - rscunitinfo_script
 6:01:44 Attempt to override final function - rscunitinfo_script
 6:01:44 Attempt to override final function - rscunitinfo_script
 6:01:44 Attempt to override final function - rscunitinfo_script
 6:01:44 Attempt to override final function - rscunitinfo_script
 6:01:44 Attempt to override final function - rscunitinfo_script
 6:01:44 Attempt to override final function - rscunitinfo_script
 6:01:44 Attempt to override final function - rscunitinfo_script
 6:01:44 Attempt to override final function - rscunitinfo_script
 6:01:44 Attempt to override final function - rscunitinfo_script
 6:01:44 Attempt to override final function - rscunitinfo_script
 6:01:44 Attempt to override final function - rscunitinfo_script
 6:01:44 Attempt to override final function - rscunitinfo_script
 6:01:44 Attempt to override final function - rscunitinfo_script
 6:01:44 Attempt to override final function - rscunitinfo_script
 6:01:44 Attempt to override final function - rscunitinfo_script
 6:01:44 Attempt to override final function - rscunitinfo_script
 6:01:44 Attempt to override final function - rscunitinfo_script
 6:01:44 Attempt to override final function - rscunitinfo_script
 6:01:44 Attempt to override final function - rscunitinfo_script
 6:01:44 Attempt to override final function - rscunitinfo_script
 6:01:44 Attempt to override final function - rscunitinfo_script
 6:01:44 Attempt to override final function - rscunitinfo_script
 6:01:44 Attempt to override final function - rscunitinfo_script
 6:01:44 Attempt to override final function - rscunitinfo_script
 6:01:44 Attempt to override final function - rscunitinfo_script
 6:01:46 VoteThreshold must be in 0..1 range. Defaulting to 0.5
Initializing Steam server - Game Port: 2302, Steam Query Port: 2303
Connected to Steam servers
c:\w\stable\futura\lib\network\networkserver.cpp ClearNetServer:NOT IMPLEMENTED - briefing!
Extensions:
